C:\GENIE2K\CAMFILES\Semmler\JP\P5\133Ba146S15.CNF            
03/07/2026 09:56:24   
   21420.39 seconds
   21510.57 seconds
  Pico Energia  Resol.    BG       Counts      1s    Canal
   No.  (keV)   (keV)                          (%)  
 M  1     1.58   0.40    22297   317760.906    0.18    26.99 
 m  2     2.73   0.42    50660    29652.951    0.81    31.58 
 M  3    19.90   0.88    35504     8840.510    2.09   100.17 
 m  4    21.07   0.88    34401    32835.234    0.80   104.85 
    5    25.16   0.46    44137     1026.750   31.75   121.21 
 M  6    29.32   0.91    87356   101781.820    0.39   137.83 
 m  7    30.93   0.91    81617  1178954.875    0.10   144.25 
    8    35.06   0.82    56042   256794.844    0.24   160.76 
    9    53.25   0.81    17757    26904.406    0.98   233.47 
   10    61.84   0.96    21109     2767.512    8.36   267.77 
   11    75.07   1.14    41804     3658.270    9.01   320.63 
 M 12    79.70   0.79    25868    29733.916    0.77   339.16 
 m 13    81.09   0.79    22381   432942.531    0.16   344.71 
 M 14    84.92   1.09    14954     1413.690    8.07   359.99 
 m 15    87.50   1.10    14484      732.479   13.71   370.31 
   16   111.95   0.94    14956     2545.443    7.87   468.03 
   17   160.67   0.91    19133     6808.164    3.58   662.69 
   18   223.30   0.95    11223     3457.860    5.37   912.95 
   19   238.71   1.04     8939      774.642   20.59   974.54 
   20   276.47   1.00     6656    46229.434    0.56  1125.42 
   21   295.29   0.90     2711      206.825   36.41  1200.63 
 M 22   302.92   1.00     3856   108961.141    0.31  1231.13 
 m 23   307.28   1.00     3378      550.789    9.15  1248.55 
   24   333.81   0.87     2904     1035.580    9.54  1354.56 
 M 25   352.09   1.04     1941      619.884    6.92  1427.61 
 m 26   356.08   1.04     1797   316092.938    0.18  1443.56 
 M 27   383.92   1.08     1053    42830.297    0.49  1554.80 
 m 28   386.89   1.08      968     2362.396    2.32  1566.65 
 m 29   390.99   1.09      958      544.310    6.19  1583.06 
   30   414.74   1.14      805      242.079   19.69  1677.95 
   31   437.04   1.01      905     1115.744    5.55  1767.08 
   32   510.90   1.88     1020     1135.979    6.04  2062.21 
   33   583.26   1.03      613      713.717    7.29  2351.34 
   34   609.37   1.23      610      712.489    7.50  2455.66 
   35   727.21   1.38      329      131.438   24.80  2926.57 
   36   911.37   1.18      286      760.114    5.53  3662.45 
 M 37   964.98   1.41      197      176.721   10.07  3876.69 
 m 38   969.09   1.41      236      458.763    5.47  3893.11 
   39  1120.45   1.38      223      241.746   13.07  4497.95 
   40  1461.15   1.65      153      932.657    4.22  5859.36 
 M 41  1588.46   1.77      112       86.379   14.77  6368.06 
 m 42  1592.83   1.78      104      166.201    9.02  6385.52 
   43  1620.97   0.29       65       31.098   47.00  6497.99 
   44  1765.02   1.51       65      363.916    6.86  7073.59 
