C:\GENIE2K\CAMFILES\Semmler\JP\P5\152Eu52024.CNF             
25/06/2026 12:45:55   
   12161.91 seconds
   12442.43 seconds
  Pico Energia  Resol.    BG       Counts      1s    Canal
   No.  (keV)   (keV)                          (%)  
    1     2.55   0.25   117599    90389.219    0.66    30.87 
    2     6.34   2.04   112890     5553.984    8.73    46.00 
    3    22.19   0.70    72976     3415.078   11.69   109.34 
    4    30.25   1.18   114743    49850.797    1.12   141.54 
 M  5    40.03   0.98   406143  3609897.250    0.06   180.64 
 m  6    43.03   0.99   228544    37324.793    1.06   192.61 
 m  7    45.51   0.99   148282   745967.625    0.13   202.51 
 m  8    46.74   1.00    91470   179880.172    0.35   207.44 
 m  9    48.80   1.00    58942     9109.532    2.42   215.67 
 m 10    50.23   1.00    50579     2034.257    9.67   221.40 
 M 11    72.90   0.78    43573     3239.503    5.25   311.96 
 m 12    75.04   0.78    48359     7692.984    2.67   320.52 
   13    80.04   1.19    52111     3970.387    9.03   340.50 
   14    85.01   1.26    64872     9534.242    4.36   360.35 
   15   112.04   0.70    75443     3195.883   13.05   468.38 
   16   121.87   0.85    56003  1768277.250    0.08   507.66 
   17   161.77   1.22    51408     9828.594    3.96   667.10 
   18   167.20   0.87    49870     2047.773   18.24   688.77 
   19   244.77   0.95    35942   282093.313    0.22   998.74 
   20   251.77   0.97    30111     2049.227   14.23  1026.72 
 M 21   271.18   1.03    25691     2941.576    5.10  1104.28 
 m 22   275.44   1.04    25277     1388.877    9.39  1121.30 
   23   284.67   1.50    27834     2408.574   11.93  1158.21 
   24   296.02   1.03    25178    14411.504    2.05  1203.54 
   25   315.40   1.00    24011     1618.986   16.78  1280.97 
 M 26   324.93   1.04    19762     2279.646    5.23  1319.06 
 m 27   329.43   1.04    19603     3349.959    3.89  1337.04 
 M 28   340.58   1.02    17749      857.560   12.45  1381.62 
 m 29   344.37   1.03    17505   722867.625    0.12  1396.76 
   30   367.89   1.08    20641    23145.863    1.30  1490.74 
   31   385.97   0.82    12063      661.588   25.94  1563.00 
 M 32   411.22   1.09    14170    51384.293    0.49  1663.89 
 m 33   416.09   1.09    13929     2359.460    4.35  1683.33 
   34   444.07   1.13    18045    64896.133    0.54  1795.13 
 M 35   488.81   1.14    14823     7949.874    1.75  1973.92 
 m 36   493.81   1.15    13974      552.115   17.05  1993.89 
   37   503.63   1.19    18258     2941.988    8.64  2033.15 
   38   520.28   0.98    13800      869.186   22.69  2099.68 
   39   534.31   0.73    13887      690.661   28.60  2155.75 
 M 40   564.13   1.25    17058     8083.172    1.77  2274.92 
 m 41   566.53   1.26    16089     2135.225    5.13  2284.51 
   42   586.42   1.29    15767     7171.995    3.26  2363.97 
   43   656.66   0.95    13964     2226.688    9.64  2644.65 
 M 44   674.86   1.33    11536     2948.112    3.53  2717.37 
 m 45   678.80   1.33    13565     7077.261    1.80  2733.12 
   46   688.86   1.26    13649    11642.553    2.01  2773.30 
 M 47   713.08   1.26    12576     1365.667    6.82  2870.11 
 m 48   719.53   1.26    13423     4481.869    2.67  2895.88 
 M 49   765.08   1.27    12031     2558.061    4.16  3077.88 
 m 50   769.09   1.27    12261     1319.235    6.96  3093.92 
   51   779.09   1.33    15557   163130.344    0.29  3133.88 
   52   810.68   1.30    12414     3775.707    5.57  3260.10 
   53   841.85   1.23    11011     1826.661   10.24  3384.66 
   54   867.59   1.41    16253    47844.953    0.70  3487.50 
   55   901.39   1.54     9866      932.651   19.14  3622.57 
 M 56   919.56   1.40     8430     4354.580    2.32  3695.19 
 m 57   926.52   1.40     8386     2832.583    3.09  3722.98 
 m 58   930.75   1.40     8092      815.311    8.79  3739.92 
   59   964.30   1.46     8885   150025.203    0.29  3873.97 
   60  1005.40   1.57     6716     7476.251    2.45  4038.21 
 M 61  1086.13   1.53     5666    94889.523    0.33  4360.79 
 m 62  1090.03   1.53     5627    16780.611    0.85  4376.36 
   63  1112.40   1.55     8925   124008.797    0.32  4465.74 
 M 64  1123.39   1.45     5029      385.014   15.98  4509.66 
 m 65  1125.88   1.45     5900      480.434   13.19  4519.61 
   66  1152.16   1.05     6419      766.718   19.55  4624.66 
   67  1213.28   1.56     5143    11869.344    1.55  4868.88 
   68  1234.12   1.76     3154      389.965   26.97  4952.15 
   69  1250.25   1.52     3429     1379.330    8.80  5016.62 
   70  1261.92   1.03     2361      240.469   38.39  5063.22 
   71  1274.62   0.43     1608      252.628   28.21  5113.99 
 M 72  1293.10   1.65     1518      816.619    5.14  5187.84 
 m 73  1299.51   1.65     1349    12980.021    0.89  5213.43 
   74  1364.15   1.70      438      208.016   19.77  5471.74 
   75  1408.44   1.73      823   155005.156    0.26  5648.72 
 M 76  1448.29   1.71      429     1108.894    3.30  5807.96 
 m 77  1453.78   1.72      376      171.747   11.21  5829.88 
 m 78  1458.09   1.72      274     3498.913    1.71  5847.10 
 m 79  1461.26   1.72      179      545.955    4.68  5859.78 
   80  1528.68   2.28      125     2541.719    2.19  6129.21 
   81  1593.08   0.56       76       59.632   29.02  6386.54 
   82  1643.69   0.50       43       71.870   20.13  6588.77 
   83  1765.00   2.14       52      183.928   10.31  7073.50 
