C:\GENIE2K\CAMFILES\Semmler\JP\P5\166mHo24S09.CNF            
19/06/2026 13:03:35   
   70000.00 seconds
   70833.97 seconds
  Pico Energia  Resol.    BG       Counts      1s    Canal
   No.  (keV)   (keV)                          (%)  
    1     2.59   0.25   407548   434662.938    0.27    31.00 
    2     7.96   0.82   321389     9283.813    9.00    52.47 
 M  3    38.35   0.92   332323    11651.259    3.92   173.92 
 m  4    39.50   0.92   349821    20030.725    2.66   178.49 
    5    49.23   1.44   778029  3434068.000    0.07   217.39 
 M  6    53.82   0.83   311842    18105.209    2.40   235.74 
 m  7    55.70   0.84   272000   710160.063    0.14   243.26 
 m  8    57.27   0.84   235336   192628.094    0.30   249.50 
 M  9    70.76   1.12   353622    10050.018    4.72   303.42 
 m 10    72.91   1.13   383692    27882.643    1.80   312.03 
 m 11    75.02   1.13   359151    49856.219    1.14   320.46 
   12    80.66   0.81   239180  1480674.250    0.10   342.98 
 M 13    84.87   1.07   209652    24454.432    1.78   359.82 
 m 14    87.38   1.08   205378     9615.897    3.83   369.85 
   15    94.75   0.81   190937    16356.969    4.30   399.30 
 M 16   119.11   0.88   215826    19478.287    2.01   496.64 
 m 17   121.34   0.89   218463    34727.855    1.24   505.54 
 m 18   123.12   0.89   220634    23380.479    1.74   512.66 
   19   135.27   0.84   344536    12771.906    7.68   561.20 
   20   140.71   0.88   239465     4008.078   18.43   582.94 
 M 21   160.07   0.93   241863     9663.304    4.26   660.32 
 m 22   161.81   0.93   260453    11757.274    3.63   667.26 
   23   184.46   0.91   201412  6269656.500    0.04   757.75 
   24   190.78   0.91   178380    18708.813    3.82   783.03 
   25   215.94   1.01   169752   232051.625    0.37   883.55 
 M 26   231.42   1.15   159425    17839.271    1.97   945.40 
 m 27   233.41   1.15   157680     8551.419    3.61   953.36 
   28   247.83   0.90   126866     2641.172   21.97  1010.98 
   29   259.78   0.98   122907    69610.578    0.92  1058.75 
   30   265.04   1.05   110884     7673.945    7.14  1079.77 
   31   280.51   1.02   138910  1772391.750    0.08  1141.57 
   32   300.79   1.03   124349   206987.063    0.37  1222.62 
   33   329.49   1.54   112899     5149.156   11.63  1337.31 
 M 34   339.85   1.01    84893     8121.764    3.27  1378.70 
 m 35   344.38   1.01    83798     4352.176    5.43  1396.78 
   36   351.96   1.09    88808     1329.867   37.32  1427.07 
 M 37   361.08   1.05    78977     1223.334   17.68  1463.54 
 m 38   365.82   1.05    77054   114368.461    0.37  1482.48 
   39   411.02   1.11    98204   471119.813    0.19  1663.07 
   40   451.60   1.13   103196   113730.625    0.60  1825.22 
   41   464.89   1.16    95808    50695.672    1.17  1878.34 
   42   485.11   0.77    87410     1636.320   30.78  1959.13 
   43   497.02   0.95    90789     3483.031   14.79  2006.73 
   44   510.70   1.24   119006     3958.258   16.10  2061.39 
   45   521.09   1.28   101436     5986.406    9.50  2102.93 
   46   529.90   1.19    98975   312187.156    0.26  2138.13 
   47   571.11   1.23    90455   168219.609    0.41  2302.79 
   48   583.29   1.48    57054     2312.066   16.90  2351.46 
   49   594.54   1.25    73623    18100.711    2.76  2396.41 
 M 50   611.70   1.28    67323    41010.547    0.73  2465.00 
 m 51   616.03   1.28    54723     4404.582    4.26  2482.29 
 M 52   640.13   1.39    32955     2933.222    5.56  2578.61 
 m 53   644.69   1.39    39273     4383.329    3.89  2596.83 
   54   670.63   1.30    30505   142858.688    0.35  2700.48 
   55   691.36   1.31    23577    36138.289    0.96  2783.32 
   56   711.82   1.32    23471  1367834.250    0.09  2865.07 
 M 57   723.49   1.36    11643     2664.689    4.00  2911.72 
 m 58   727.26   1.36    10981      550.696   14.97  2926.77 
   59   736.80   1.52    13432     9520.451    2.57  2964.87 
   60   752.42   1.35    13234   288870.656    0.20  3027.28 
   61   760.71   1.66    10765     2844.083    7.20  3060.43 
   62   767.60   1.61     9001     1029.237   17.53  3087.94 
   63   778.96   1.35     9936    71122.805    0.47  3133.34 
   64   792.39   1.25     6397      954.598   14.58  3187.03 
   65   810.42   1.38     9535  1285175.875    0.09  3259.08 
   66   830.72   1.39     5778   211910.047    0.23  3340.20 
 M 67   851.57   2.05     4488      487.998   11.70  3423.50 
 m 68   855.12   2.05     5805      970.957    6.14  3437.67 
 m 69   859.28   2.06     5590     3689.008    2.14  3454.30 
   70   866.51   1.54     3694      888.218   13.24  3483.19 
 M 71   875.80   1.46     4147    15323.464    0.87  3520.31 
 m 72   879.51   1.46     3409      483.542   10.10  3535.14 
 M 73   891.04   1.44     2642     1151.307    4.71  3581.23 
 m 74   896.25   1.44     3043     5852.293    1.52  3602.03 
   75   911.38   1.50     2670     2588.693    4.10  3662.50 
   76   927.93   0.82     2314      239.701   35.37  3728.64 
   77   936.85   1.22     2218     1104.778    7.83  3764.25 
   78   951.15   1.47     3459    53353.586    0.49  3821.40 
 M 79   964.44   1.61     2889     1397.164    3.94  3874.52 
 m 80   969.11   1.62     2726     1706.779    3.41  3893.19 
   81   994.88   1.63     3004     5642.325    2.20  3996.14 
 M 82  1004.92   1.42     2254     1788.605    3.23  4036.29 
 m 83  1010.50   1.42     2309     1322.566    3.93  4058.59 
 m 84  1015.20   1.42     2138      821.380    5.65  4077.37 
   85  1085.98   1.35     2112      525.304   17.79  4360.20 
   86  1111.67   2.13     2287     1690.739    6.32  4462.86 
   87  1120.55   1.49     1916     4330.141    2.53  4498.34 
   88  1135.66   0.33     1413      344.865   20.74  4558.70 
   89  1147.07   1.51     1883     3143.422    3.25  4604.31 
 M 90  1238.41   1.60     1124      294.395   11.38  4969.28 
 m 91  1241.78   1.60     1328    13522.149    0.88  4982.77 
 M 92  1274.69   1.64     1057     2925.579    2.03  5114.25 
 m 93  1282.34   1.65     1082     2818.186    2.09  5144.85 
   94  1378.05   1.53      628      243.009   20.70  5527.30 
 M 95  1401.15   1.73      601     7062.877    1.20  5619.61 
 m 96  1408.30   1.73      524     1107.213    3.38  5648.16 
   97  1427.64   1.71      565     6919.155    1.40  5725.45 
   98  1461.17   1.68      591     3283.515    2.35  5859.44 
   99  1496.26   0.79      441       87.129   47.95  5999.64 
  100  1522.31   1.66      475     2193.133    2.98  6103.74 
  101  1562.89   1.84      280      485.101    7.99  6265.90 
 M102  1588.58   1.59      429      280.262    8.27  6368.57 
 m103  1593.00   1.59      426      488.419    5.68  6386.22 
  104  1620.95   1.51      335      177.287   21.39  6497.91 
  105  1630.91   1.06      261      225.681   15.20  6537.72 
  106  1730.04   1.45      208      196.361   15.28  6933.82 
  107  1764.97   1.81      328     1116.182    4.52  7073.38 
  108  1848.24   1.03      279       93.755   36.18  7406.13 
