C:\GENIE2K\CAMFILES\Semmler\JP\P5\22Na22S09.CNF              
12/08/2026 11:04:23   
   24565.07 seconds
   24602.74 seconds
  Pico Energia  Resol.    BG       Counts      1s    Canal
   No.  (keV)   (keV)                          (%)  
    1     2.64   0.25    71076   389054.938    0.20    31.23 
 M  2    72.92   0.63     4256      350.694   15.43   312.06 
 m  3    75.04   0.63     4876      809.423    8.05   320.51 
    4    84.89   1.13     5099      576.135   18.63   359.88 
    5   238.67   0.90     4514      858.734   12.86   974.38 
    6   295.31   0.70     4422      204.304   55.74  1200.71 
    7   338.52   1.07     3217      292.003   31.39  1373.36 
    8   351.94   1.06     3188      588.733   17.13  1427.01 
    9   511.05   2.42     7235    66404.977    0.46  2062.79 
   10   583.26   1.21      897      796.584    7.44  2351.35 
   11   609.38   1.20      889      788.648    7.71  2455.71 
   12   727.33   1.67      616      271.713   17.01  2927.04 
   13   911.27   1.23      725      857.639    6.74  3662.05 
 M 14   964.91   1.30      623      134.021   17.33  3876.39 
 m 15   969.14   1.31      711      517.955    6.28  3893.31 
   16  1120.49   1.57      512      371.689   12.72  4498.08 
   17  1238.36   1.52      249      142.096   22.44  4969.10 
   18  1274.77   1.64      340    17885.072    0.78  5114.57 
   19  1461.16   1.80      167     1127.278    3.80  5859.40 
 M 20  1588.57   1.57      105      116.482   11.96  6368.53 
 m 21  1592.91   1.57      138      154.710   10.14  6385.84 
   22  1631.23   0.98       78       78.411   23.71  6538.97 
   23  1764.92   2.00       96      405.488    6.99  7073.19 
   24  1847.65   0.53       66       54.591   30.02  7403.77 
