C:\GENIE2K\CAMFILES\Semmler\JP\P5\60Co144S15.CNF             
05/08/2026 11:00:37   
   21648.87 seconds
   21676.79 seconds
  Pico Energia  Resol.    BG       Counts      1s    Canal
   No.  (keV)   (keV)                          (%)  
    1     1.58   0.33    30818   513329.781    0.15    27.00 
    2    75.01   0.77     3714      602.803   15.34   320.42 
    3   238.72   0.89     2796      835.581   10.41   974.59 
    4   351.96   0.84     2263      574.760   15.51  1427.07 
    5   510.81   1.86     1694     1382.105    6.19  2061.84 
    6   583.25   1.15     1135      809.149    8.16  2351.31 
    7   609.32   1.30     1234      794.227    8.87  2455.48 
    8   727.15   1.43      814      293.976   17.81  2926.34 
    9   768.57   0.83      736      123.078   36.88  3091.83 
   10   911.29   1.43     1255      696.500    9.93  3662.13 
   11   969.15   1.25     1096      556.605   11.92  3893.35 
   12  1120.37   1.59      612      162.868   25.89  4497.59 
   13  1173.33   1.60      684    21018.898    0.74  4709.23 
   14  1332.64   1.69      219    18828.549    0.75  5345.82 
   15  1378.11   0.55      132       63.666   33.20  5527.53 
   16  1461.04   1.76      144      973.704    4.12  5858.90 
 M 17  1588.27   1.62       70      120.122   10.79  6367.30 
 m 18  1592.74   1.63      119      154.870    9.93  6385.18 
   19  1764.84   1.67       80      358.390    7.28  7072.87 
