C:\GENIE2K\CAMFILES\Semmler\JP\P0\133BA146S15.CNF            
06/02/2025 12:05:20   
    5400.00 seconds
    5607.33 seconds
  Pico Energia  Resol.    BG       Counts      1s    Canal
   No.  (keV)   (keV)                          (%)  
 M  1     0.79   0.54      932      372.637    7.62    23.83 
 m  2     2.03   0.55    18750    13376.488    1.35    28.78 
    3     9.92   0.65    35966     1449.355   18.76    60.31 
 M  4    19.92   0.75    64557    25275.299    1.04   100.29 
 m  5    21.02   0.76    59783   137591.156    0.31   104.69 
    6    25.13   0.49    92458     3593.242   13.54   121.11 
 M  7    28.68   0.80   154643   213489.078    0.25   135.31 
 m  8    30.88   0.80   172790  4284389.000    0.05   144.11 
    9    34.99   0.72   116223  1018376.938    0.11   160.52 
 M 10    51.82   0.65    40053     8685.440    1.99   227.77 
 m 11    53.18   0.66    42706    91819.859    0.38   233.23 
 M 12    59.43   0.95    71151    16030.752    1.38   258.18 
 m 13    61.70   0.96    96544   167270.875    0.28   267.27 
   14    65.86   0.91    97483    77124.203    0.72   283.88 
 M 15    69.99   0.72    60707     6277.221    3.30   300.38 
 m 16    71.02   0.72    64216     6135.062    3.31   304.51 
 M 17    79.64   0.70    53127   104733.156    0.36   338.94 
 m 18    81.02   0.70    37912  1569307.250    0.08   344.48 
 m 19    84.03   0.70    27990    10157.491    1.61   356.51 
   20    88.11   0.75    36569     2418.164   12.69   372.83 
   21   101.97   0.93    40063     6285.430    5.20   428.21 
 M 22   110.39   0.88    47562    18989.521    1.11   461.86 
 m 23   111.85   0.88    40530   137619.813    0.29   467.70 
 m 24   114.58   0.89    35746     3533.904    4.21   478.62 
 m 25   116.02   0.89    34388    30187.047    0.74   484.37 
   26   134.17   0.70    36475     3091.031   10.19   556.90 
   27   142.69   0.75    43160     2042.688   17.05   590.96 
   28   160.61   0.81    47842    29379.781    1.34   662.58 
   29   191.45   1.01    49902     2518.148   14.87   785.83 
   30   223.23   0.90    27168     9726.293    2.93   912.82 
   31   254.12   1.05    15279     2258.174    9.33  1036.28 
   32   276.41   0.93    12392   131801.063    0.31  1125.37 
   33   297.39   0.61     7770      411.670   35.14  1209.23 
 M 34   302.86   0.94     6361   327112.781    0.17  1231.07 
 m 35   307.23   0.95     5936    23065.715    0.71  1248.52 
 m 36   311.44   0.95     5818     5105.001    1.80  1265.37 
 M 37   323.73   1.14     7221     1779.976    4.21  1314.47 
 m 38   328.21   1.15     7103      494.212   12.96  1332.41 
 m 39   331.36   1.15     6552     3897.340    2.22  1344.96 
 m 40   333.68   1.15     6550    57262.145    0.43  1354.23 
 m 41   337.92   1.16     5977    14478.209    0.92  1371.21 
 m 42   342.22   1.16     5789      507.633   11.70  1388.39 
 m 43   346.08   1.16     5004      269.065   21.39  1403.80 
   44   356.01   1.02     8247  1017889.063    0.10  1443.51 
 M 45   364.53   1.22     5935     2800.619    2.88  1477.55 
 m 46   368.74   1.22     5615     1499.717    4.57  1494.38 
   47   376.96   1.19     5961     4732.682    3.18  1527.21 
 M 48   383.88   1.12     6566   170358.891    0.24  1554.86 
 m 49   386.84   1.12     3895   134335.750    0.27  1566.69 
 m 50   391.06   1.12     2398    30325.004    0.58  1583.58 
   51   404.78   1.14     2154      606.447   13.89  1638.39 
 M 52   412.18   1.35     3243     1214.447    4.60  1667.98 
 m 53   414.68   1.36     3512    19272.232    0.75  1677.95 
 m 54   418.40   1.36     3457     7233.298    1.30  1692.84 
 m 55   421.84   1.36     3525     2323.496    2.80  1706.57 
   56   437.00   1.06     1784    61685.848    0.42  1767.18 
   57   445.48   1.03      759      357.712   14.36  1801.07 
 M 58   467.86   1.18      843     4434.338    1.59  1890.50 
 m 59   472.10   1.19      378     1015.812    3.47  1907.43 
   60   510.79   0.73      365      338.638   11.89  2062.10 
   61   583.25   0.78      178      243.419   11.48  2351.67 
   62   609.32   1.19      174      237.942   11.92  2455.85 
   63   711.91   1.27      168       96.792   27.92  2865.86 
   64   860.60   0.70       57       46.510   30.31  3460.10 
   65   911.35   1.38       78      250.615    9.06  3662.93 
   66   969.24   1.41       59      137.110   12.83  3894.28 
   67  1120.46   0.67       49       80.490   18.80  4498.64 
   68  1461.05   1.63       52      261.510    8.20  5859.85 
   69  1592.74   0.61       29       42.646   26.82  6386.13 
   70  1764.93   1.00       16      102.662   12.23  7074.32 
