C:\GENIE2K\CAMFILES\Semmler\JP\P0\152EU52024.CNF             
13/02/2025 12:42:05   
    4100.00 seconds
    5326.40 seconds
  Pico Energia  Resol.    BG       Counts      1s    Canal
   No.  (keV)   (keV)                          (%)  
    1     2.78   0.75    89566    47213.172    1.10    31.80 
 M  2     6.33   0.86   273894    34439.719    1.37    45.96 
 m  3     7.35   0.87   289213    26492.020    1.69    50.06 
    4    22.13   0.71   183596    13617.953    4.68   109.12 
    5    25.15   1.07   197632     9296.625    7.08   121.18 
    6    30.19   1.14   276313   328239.094    0.29   141.33 
    7    35.57   1.31   813377   309055.000    0.49   162.85 
    8    40.08   1.05   960333 19306342.000    0.02   180.85 
 M  9    45.45   0.68   962230  3575359.500    0.06   202.30 
 m 10    46.64   0.68   487864   989017.375    0.11   207.08 
 m 11    48.71   0.69   292150    38048.160    1.15   215.37 
 m 12    50.08   0.69   233114     8420.288    4.55   220.82 
   13    79.92   1.36   297023   521623.469    0.22   340.07 
 M 14    85.32   1.16   315285   232913.938    0.31   361.68 
 m 15    86.68   1.16   417150    50534.645    1.17   367.11 
 M 16    90.79   0.84   244537    20608.588    2.05   383.52 
 m 17    92.01   0.84   286436    12489.512    3.13   388.40 
   18   111.94   0.84   220316     7985.063    9.38   468.03 
   19   121.81   0.83   259764  8216351.500    0.04   507.51 
 M 20   148.05   1.29   290464     8908.158    4.41   612.36 
 m 21   151.73   1.29   333598    17901.688    2.39   627.08 
   22   157.38   1.28   273691    13569.969    6.33   649.64 
   23   161.77   1.18   279576   837184.500    0.15   667.19 
 M 24   167.18   0.86   182467   161680.063    0.34   688.83 
 m 25   168.40   0.86   176910    42855.238    0.91   693.72 
   26   201.75   1.30   165304     6480.656   10.26   826.98 
   27   212.47   1.01   133823     3721.016   15.66   869.82 
   28   244.73   0.91   140934  1124436.750    0.11   998.74 
   29   251.66   0.97   136433    11491.969    5.53  1026.46 
 M 30   271.12   1.03   114601    11496.973    2.52  1104.21 
 m 31   275.21   1.04   113765     6074.417    4.30  1120.55 
   32   284.67   1.24   129263   153218.828    0.48  1158.36 
   33   290.10   1.06   101351    36821.063    1.53  1180.09 
   34   295.98   0.99   108785    52869.352    1.17  1203.58 
   35   315.29   1.20   106565     7808.594    7.48  1280.77 
 M 36   324.82   1.10    92016    14435.047    1.81  1318.84 
 m 37   329.48   1.11    91691    15812.546    1.69  1337.47 
 M 38   335.87   0.98    79154     5519.833    4.06  1362.99 
 m 39   340.73   0.99    79978     2340.115    9.24  1382.41 
 m 40   344.33   0.99    91885  3599828.250    0.05  1396.80 
   41   351.77   1.16    87419     1660.125   28.33  1426.53 
 M 42   366.52   1.01    90094    74889.570    0.51  1485.51 
 m 43   367.84   1.02    90125    96220.094    0.44  1490.78 
   44   384.14   1.33   113118    21757.609    2.87  1555.93 
   45   389.65   0.89    74164     3723.586   12.26  1577.93 
 M 46   406.50   1.05    70513     7320.892    2.92  1645.27 
 m 47   411.18   1.06    69929   230074.016    0.23  1663.99 
 m 48   416.05   1.06    69343     9058.430    2.41  1683.44 
 m 49   417.78   1.06    69233     3504.723    5.87  1690.34 
   50   444.02   1.09    94589   261238.906    0.29  1795.24 
   51   466.09   0.98    73076     5404.953    8.60  1883.44 
 M 52   483.93   1.29    85290    31209.854    0.93  1954.72 
 m 53   488.86   1.30    89048    35827.723    0.83  1974.43 
 m 54   493.75   1.30    73302     2801.400    7.85  1993.99 
   55   503.55   1.17    83190    11246.266    4.63  2033.13 
   56   511.12   0.93    93480     3310.977   17.07  2063.40 
 M 57   520.33   1.36    87835     4885.146    4.88  2100.21 
 m 58   523.51   1.36    93165     1822.495   11.94  2112.93 
 m 59   528.60   1.36    88955     4276.977    5.41  2133.27 
 m 60   534.26   1.37    94708     4689.725    5.15  2155.88 
 M 61   564.10   1.27    90747    33903.551    0.89  2275.13 
 m 62   566.17   1.28    91340    17464.268    1.49  2283.40 
   63   586.37   1.17    94105    32800.516    1.78  2364.15 
   64   603.89   1.38    62185     2850.699   14.33  2434.16 
   65   610.61   1.03    91215     3301.617   17.22  2461.03 
   66   656.65   1.25    80740     8291.852    6.39  2645.02 
 M 67   671.35   1.22    54859      953.378   20.41  2703.76 
 m 68   674.80   1.23    62623     8942.484    2.41  2717.56 
 m 69   678.76   1.23    65713    28711.303    0.98  2733.36 
   70   688.80   1.25    80766    50038.180    1.14  2773.50 
   71   712.63   1.66    93025    10556.266    5.68  2868.73 
   72   719.51   1.28    95225    15575.359    3.92  2896.24 
 M 73   728.72   1.44    82933     7183.344    3.60  2933.03 
 m 74   734.06   1.44    83062     1990.656   10.90  2954.38 
 M 75   755.54   1.32    67102    13500.776    1.91  3040.23 
 m 76   759.33   1.32    74353     2993.695    6.94  3055.37 
 m 77   765.06   1.33    71764    12399.365    1.96  3078.28 
 m 78   769.09   1.33    69949     4979.485    4.32  3094.40 
   79   779.07   1.33    96957   764891.000    0.14  3134.29 
   80   810.63   1.36    93979    21488.359    2.89  3260.40 
   81   818.75   1.42    80827     3086.258   17.34  3292.86 
   82   841.71   1.32    87297     8775.852    6.72  3384.60 
   83   850.63   1.13    65570     1877.406   24.25  3420.27 
   84   867.55   1.38    97435   170001.125    0.44  3487.91 
 M 85   897.38   1.46    64694     3867.929    5.32  3607.09 
 m 86   901.30   1.46    66436     6452.807    3.24  3622.75 
 m 87   907.42   1.46    60049    23837.811    1.08  3647.24 
 m 88   913.05   1.46    60761     4226.514    4.53  3669.73 
 m 89   919.54   1.47    58045    17088.955    1.35  3695.68 
 m 90   926.49   1.47    55166     9893.103    2.09  3723.43 
 m 91   930.70   1.48    53483     5647.646    3.42  3740.27 
 M 92   959.32   1.45    43737     2594.618    6.55  3854.66 
 m 93   964.27   1.45    48567   608034.750    0.13  3874.42 
 M 94   989.43   1.58    39524    12888.212    1.70  3974.98 
 m 95   994.18   1.58    39392     1190.157   13.49  3993.96 
 M 96  1004.40   2.03    56137   105254.414    0.36  4034.83 
 m 97  1009.83   2.03    50757    20967.652    1.06  4056.50 
 M 98  1023.14   1.46    32330     1940.797    8.25  4109.70 
 m 99  1029.17   1.46    28440      995.972   14.25  4133.81 
 M100  1041.48   2.06    31722      981.782   15.67  4182.99 
 m101  1044.76   2.07    42056     4252.161    4.40  4196.10 
 M102  1086.10   1.52    32470   466256.906    0.15  4361.31 
 m103  1090.01   1.52    35819    79143.422    0.41  4376.94 
  104  1112.34   1.52    58971   517768.375    0.17  4466.21 
 M105  1123.44   1.69    44494    42692.121    0.64  4510.58 
 m106  1126.02   1.69    44768    48402.223    0.59  4520.87 
 m107  1131.56   1.69    42482    11411.327    1.67  4543.01 
  108  1141.95   1.30    41470      679.445   57.23  4584.55 
 M109  1152.22   1.70    46087    69950.492    0.47  4625.58 
 m110  1157.88   1.71    42892    16283.705    1.26  4648.19 
  111  1171.19   1.35    34699     2355.188   14.42  4701.38 
  112  1192.03   1.03    32214     1770.035   18.82  4784.70 
  113  1213.24   1.61    36485    44193.406    1.02  4869.45 
  114  1234.14   1.63    25692    29969.127    1.20  4952.96 
 M115  1250.26   1.71    21058     8348.037    1.83  5017.42 
 m116  1253.15   1.71    20910     6012.883    2.27  5028.96 
 m117  1258.65   1.72    19341     1458.782    7.54  5050.95 
 m118  1261.62   1.72    18582     1531.304    7.19  5062.80 
  119  1274.22   2.06    16474     4131.723    6.22  5113.16 
 M120  1289.87   1.61    10592      700.077   12.88  5175.73 
 m121  1293.05   1.61    12965     3758.047    2.84  5188.41 
 m122  1299.48   1.61    11756    59097.820    0.45  5214.10 
  123  1335.01   1.42     8337     2780.728    6.93  5356.11 
  124  1348.42   1.72     5189      776.482   18.06  5409.71 
  125  1408.41   1.70    11092   629729.875    0.13  5649.48 
 M126  1430.28   1.95     7024      569.761   13.55  5736.86 
 m127  1434.35   1.95     9142     4415.982    2.31  5753.14 
 m128  1438.29   1.95     8853     2376.239    3.72  5768.86 
 m129  1444.53   1.96     8375     5282.420    1.95  5793.83 
 m130  1448.26   1.96     7153    88123.359    0.35  5808.71 
 m131  1453.93   1.96     5197    21026.775    0.75  5831.40 
 m132  1457.99   1.96     4495    17592.793    0.83  5847.61 
 M133  1488.14   2.02     3394     2530.841    2.75  5968.09 
 m134  1493.92   2.02     2802     1369.613    4.06  5991.20 
 m135  1497.94   2.02     2444     2730.591    2.45  6007.27 
 m136  1503.39   2.03     2179      591.855    7.39  6029.04 
  137  1530.18   1.86     2172    54349.387    0.47  6136.11 
 M138  1569.92   2.19     1691     5491.972    1.50  6294.95 
 m139  1575.58   2.19     1023     1174.566    3.66  6317.56 
 m140  1579.85   2.19      794     1079.383    3.79  6334.64 
 M141  1606.19   1.67      467      319.864    8.09  6439.88 
 m142  1609.04   1.67      440      232.085    9.86  6451.27 
 M143  1643.83   1.80      400     3732.564    1.72  6590.31 
 m144  1650.25   1.80      486      836.423    4.12  6615.98 
 M145  1743.55   1.80      165       94.073   15.67  6988.86 
 m146  1752.66   1.80      247      481.352    5.50  7025.25 
  147  1769.52   1.34      200      274.824   11.55  7092.65 
  148  1865.20   0.83      121       89.171   24.76  7475.06 
  149  1891.60   0.42      138       83.074   29.16  7580.57 
