C:\GENIE2K\CAMFILES\Semmler\JP\P0\166MHO24S09.CNF            
21/02/2025 10:37:52   
   16055.96 seconds
   17831.86 seconds
  Pico Energia  Resol.    BG       Counts      1s    Canal
   No.  (keV)   (keV)                          (%)  
 M  1     0.76   0.51     1194      820.490    5.35    23.71 
 m  2     2.23   0.53   167649   104621.523    0.48    29.60 
 M  3     7.93   0.75   471394    27227.891    2.06    52.36 
 m  4     9.19   0.76   497190    18402.623    2.87    57.41 
    5    22.19   0.59   365294     6799.094   13.06   109.34 
 M  6    38.01   1.32   698349    71006.891    0.84   172.58 
 m  7    39.47   1.32   908704   180701.531    0.37   178.41 
 m  8    40.96   1.29   876818   135933.641    0.46   184.36 
 m  9    43.06   1.30   891356   490563.906    0.15   192.79 
 m 10    45.49   1.31   955474   474247.250    0.16   202.50 
 m 11    48.82   1.32   970333  9346854.000    0.03   215.80 
 M 12    53.91   0.75   470972    29930.334    1.87   236.12 
 m 13    55.65   0.75   478171  2005270.000    0.08   243.10 
 m 14    57.22   0.76   426905   543156.250    0.16   249.35 
 M 15    70.78   1.10   668025    16319.339    3.71   303.53 
 m 16    72.87   1.10   864236    29129.680    2.09   311.90 
 m 17    74.97   1.11   751443    45810.891    1.41   320.30 
   18    80.62   0.73   469938  3944949.250    0.06   342.89 
 M 19    84.85   1.05   423134    17509.242    2.82   359.80 
 m 20    86.94   1.05   479444    14179.314    3.43   368.15 
 M 21    94.73   1.49   498311    61321.520    0.92   399.29 
 m 22    97.68   1.48   734660   109124.156    0.56   411.05 
   23   104.87   1.60   541703    34022.625    3.87   439.80 
 M 24   119.08   0.90   520106    59378.805    0.98   496.59 
 m 25   121.32   0.90   522390   107691.664    0.58   505.56 
 m 26   123.09   0.91   568174    97448.383    0.64   512.60 
   27   129.72   1.47   679941    73336.500    1.98   539.13 
 M 28   135.52   1.32   665438    42677.816    1.49   562.30 
 m 29   137.74   1.32   871690     5767.222    9.95   571.16 
 m 30   140.69   1.33   744871    13423.710    4.42   582.95 
 M 31   160.10   0.82   381963    20538.439    2.35   660.52 
 m 32   161.77   0.83   410924    29876.313    1.72   667.20 
   33   170.29   0.69   326905     4684.531   18.42   701.24 
   34   174.55   0.91   453216     8322.688   13.48   718.28 
   35   184.44   0.84   434680 16560728.000    0.03   757.81 
   36   190.77   0.83   392500    46529.813    2.28   783.11 
   37   215.92   0.92   384819   602296.500    0.22   883.62 
 M 38   231.61   1.38   468016    60003.230    1.15   946.32 
 m 39   233.31   1.38   506586   386670.344    0.22   953.09 
 M 40   240.05   0.92   284657    76635.852    0.33   980.04 
 m 41   241.62   0.92   282794    18824.832    0.91   986.33 
 m 42   244.74   0.93   303030     1595.419    9.81   998.79 
 m 43   247.99   0.93   299715     6636.190    2.46  1011.78 
   44   259.76   0.90   341838   173126.406    0.63  1058.81 
   45   265.01   0.92   329871   277309.156    0.41  1079.79 
   46   280.49   0.94   319596  4197052.500    0.05  1141.66 
 M 47   296.46   0.92   237854     7882.962    4.56  1205.52 
 m 48   300.79   0.93   235603   472641.594    0.17  1222.81 
 m 49   305.44   0.93   215222     5244.054    6.79  1241.40 
   50   329.44   1.59   299354   157499.406    0.66  1337.31 
 M 51   336.11   0.95   221724    28950.709    1.44  1363.95 
 m 52   337.61   0.96   221772     6447.459    5.37  1369.95 
 m 53   339.89   0.96   204780    18803.072    2.00  1379.08 
 m 54   344.35   0.96   221974    14324.949    2.61  1396.89 
   55   349.71   1.60   287366    17055.281    5.62  1418.31 
 M 56   356.34   0.97   200218     2029.160   17.04  1444.81 
 m 57   361.07   0.98   212496    62803.301    0.68  1463.73 
 m 58   365.81   0.98   206442   252780.438    0.25  1482.66 
 m 59   368.86   0.98   202192     6544.921    5.23  1494.84 
   60   381.37   0.83   232076     5390.906   15.24  1544.86 
   61   400.31   1.20   271665     9285.500   10.18  1620.52 
 M 62   411.01   1.03   211658  1055107.500    0.10  1663.31 
 m 63   414.66   1.03   212382     8166.011    4.27  1677.91 
 M 64   444.20   1.06   208247     7963.204    4.36  1795.93 
 m 65   446.44   1.06   209479     3026.848   11.07  1804.92 
 m 66   451.60   1.07   213183   247827.188    0.26  1825.52 
 M 67   459.88   1.07   231713    34159.961    1.15  1858.61 
 m 68   464.92   1.08   219657   384595.063    0.19  1878.76 
   69   476.47   0.74   187370     2186.156   31.45  1924.90 
   70   485.22   1.08   270329    32916.813    2.85  1959.88 
 M 71   491.59   1.20   256031    17049.549    2.51  1985.33 
 m 72   496.97   1.20   261179    10444.688    3.77  2006.86 
 m 73   500.43   1.21   264291     9167.000    4.35  2020.67 
   74   513.86   1.58   315517     8677.531   11.73  2074.35 
   75   520.94   1.36   270082    14295.281    6.36  2102.66 
   76   529.91   1.15   258723   685114.313    0.18  2138.50 
 M 77   545.56   1.18   183772     7149.205    5.06  2201.05 
 m 78   550.26   1.18   210879    19161.119    2.19  2219.82 
   79   571.10   1.18   240662   384406.188    0.28  2303.09 
   80   578.77   1.65   229924    24198.625    3.56  2333.77 
   81   585.56   1.18   207973     6771.766   11.74  2360.89 
   82   595.23   1.70   262433   101076.281    1.00  2399.55 
 M 83   611.66   1.45   227874   108176.672    0.47  2465.21 
 m 84   615.94   1.45   215904    13877.623    2.49  2482.31 
 m 85   619.94   1.46   199370    16590.721    2.08  2498.29 
   86   626.84   1.07   155067     4843.109   14.46  2525.86 
 M 87   636.06   1.17   118909    14510.042    2.15  2562.72 
 m 88   640.15   1.17   122074     4535.794    5.91  2579.09 
 m 89   644.61   1.18   116829     9243.500    2.97  2596.89 
 m 90   646.29   1.18   114470    13799.488    2.11  2603.59 
 m 91   649.41   1.18   117991     5886.301    4.45  2616.07 
 m 92   651.69   1.18   107832     6887.119    3.86  2625.18 
   93   660.43   1.79   121432     4298.461   14.71  2660.12 
 M 94   670.64   1.23    99108   324292.938    0.20  2700.93 
 m 95   675.57   1.24    87481     2525.947    9.30  2720.64 
   96   691.43   1.26   109192   119286.414    0.60  2784.02 
 M 97   705.27   1.25    56340      604.130   33.44  2839.33 
 m 98   711.83   1.25   131686  3290823.250    0.05  2865.54 
 M 99   719.47   1.29    74196    10224.920    2.35  2896.06 
 m100   723.48   1.29    71626     6069.021    3.63  2912.12 
 m101   732.12   1.30    70912     7699.278    2.82  2946.65 
 m102   736.81   1.30    67842    19216.688    1.33  2965.38 
 m103   740.14   1.30    65709     3206.900    6.14  2978.70 
 m104   745.51   1.31    59146     3909.891    5.13  3000.13 
 M105   752.42   1.33    61331   713441.813    0.12  3027.78 
 m106   755.58   1.34    59290    33939.211    0.77  3040.38 
 m107   760.64   1.34    58540   111205.336    0.35  3060.60 
 M108   767.56   1.72    61995    27363.586    1.00  3088.28 
 m109   772.07   1.72    72248      714.150   26.50  3106.28 
  110   778.97   1.31    68450   181013.047    0.37  3133.86 
 M111   785.80   1.40    55563     2126.324    8.59  3161.18 
 m112   792.41   1.40    52890    51535.313    0.58  3187.57 
 m113   796.11   1.41    50980     7093.813    2.64  3202.36 
 m114   801.20   1.41    51789    23572.451    1.00  3222.73 
  115   810.44   1.34    67710  3185895.500    0.06  3259.64 
  116   830.73   1.34    72602   473846.625    0.18  3340.74 
  117   841.15   0.68    30069      479.717   58.87  3382.36 
 M118   851.71   1.44    41913    13996.455    1.46  3424.57 
 m119   855.09   1.44    43372    25376.729    0.91  3438.08 
 m120   859.25   1.44    43391   108993.820    0.34  3454.70 
 m121   866.14   1.45    38501    23020.459    0.93  3482.23 
 m122   873.33   1.45    36949     3936.801    4.03  3511.00 
 m123   875.85   1.45    36052    48626.270    0.55  3521.05 
 m124   879.55   1.45    36719    18871.727    1.05  3535.84 
 m125   886.27   1.46    35351     4246.582    3.57  3562.70 
 m126   891.05   1.46    34072    48297.301    0.55  3581.80 
 m127   896.27   1.46    30575   213202.891    0.23  3602.67 
 M128   911.34   1.21    22289     6451.693    2.48  3662.91 
 m129   916.43   1.22    23243      658.658   17.54  3683.23 
 M130   924.83   1.34    24743     1762.912    7.09  3716.81 
 m131   927.75   1.34    25211     9969.752    1.74  3728.48 
 M132   936.86   1.40    25607    45248.320    0.56  3764.88 
 m133   940.51   1.41    23811     1375.792    8.96  3779.46 
 m134   945.06   1.41    24951     3924.912    3.39  3797.65 
 m135   951.19   1.41    23971   149312.844    0.28  3822.14 
 m136   956.24   1.42    21768      583.267   20.37  3842.34 
 M137   964.34   1.61    22873     2128.347    6.42  3874.73 
 m138   968.53   1.61    25816     2899.277    4.94  3891.47 
  139   976.83   1.47    21293     3342.068    8.06  3924.62 
 M140   985.51   1.47    17934     1213.831    9.58  3959.31 
 m141   992.34   1.47    20985    23072.172    0.85  3986.63 
 m142   994.90   1.48    20214   212067.188    0.23  3996.84 
 m143   999.97   1.48    18298     5007.658    2.50  4017.13 
 m144  1004.99   1.48    19136     6217.340    2.12  4037.17 
 m145  1010.50   1.48    18952     4263.510    2.91  4059.19 
 m146  1015.18   1.49    18726    29813.063    0.70  4077.90 
  147  1032.67   2.17    21271     6138.488    4.78  4147.78 
 M148  1043.61   2.11    23640     4821.933    3.04  4191.51 
 m149  1050.44   2.11    23710     1392.787    8.50  4218.80 
  150  1075.48   1.65    14185     3178.586    6.99  4318.89 
 M151  1086.10   1.55    13094     1667.601    6.56  4361.32 
 m152  1090.66   1.55    13303     1195.639    8.40  4379.54 
  153  1111.29   1.56    16063    34521.336    0.93  4461.98 
  154  1120.62   1.56    13074     8111.559    2.95  4499.28 
  155  1135.61   1.43    12378    11584.753    2.08  4559.22 
  156  1147.14   1.58    12540     7440.090    3.23  4605.27 
  157  1160.29   2.43    10606      928.147   21.03  4657.84 
  158  1176.76   1.42    13161     1867.197   13.06  4723.64 
  159  1195.80   1.73     8453      682.582   24.62  4799.77 
  160  1221.50   1.48     9176     4457.136    4.36  4902.47 
  161  1241.82   1.57    11627    61508.383    0.55  4983.68 
  162  1262.23   1.67     7769     1685.469    9.92  5065.26 
 M163  1274.78   1.57     8341     8759.080    1.39  5115.39 
 m164  1282.42   1.57     8681    12967.519    1.09  5145.94 
 M165  1290.64   1.61     8746     2342.169    4.03  5178.77 
 m166  1295.77   1.61     9066     1822.731    4.93  5199.28 
  167  1322.61   1.93     7962      809.311   20.22  5306.55 
  168  1331.43   1.32     8569     1179.434   15.74  5341.79 
 M169  1401.22   1.65     4032    16368.873    0.86  5620.74 
 m170  1408.38   1.66     3027     2569.427    2.63  5649.34 
  171  1427.61   1.99     3434    20029.211    0.93  5726.19 
  172  1450.04   1.83     2904     1509.123    7.91  5815.84 
 M173  1461.26   1.58     1526      682.986    6.40  5860.69 
 m174  1466.87   1.58     1665      800.779    5.66  5883.10 
  175  1476.48   1.84     1811     1544.574    5.99  5921.52 
  176  1490.95   1.76     2132     2638.799    4.10  5979.32 
 M177  1508.23   1.73     1286      320.820   10.58  6048.39 
 m178  1516.07   1.73     1346      378.535    9.27  6079.75 
 m179  1522.36   1.73     1338    64522.504    0.40  6104.85 
  180  1531.39   1.71     1111      738.998    9.61  6140.94 
 M181  1562.95   1.76     1026    14078.508    0.87  6267.10 
 m182  1571.12   1.76      953     2191.572    2.44  6299.73 
 m183  1578.23   1.76      935      397.912    7.96  6328.14 
 m184  1585.73   1.77      921     1015.647    4.03  6358.13 
 M185  1596.95   1.61      634      399.531    7.30  6402.97 
 m186  1602.96   1.61      480      942.647    3.93  6426.97 
 M187  1612.02   1.90      520     1631.034    2.80  6463.18 
 m188  1620.74   1.90      404      379.552    6.70  6498.04 
  189  1643.62   1.97      368      151.986   24.04  6589.48 
  190  1706.81   1.77      306     4234.053    1.78  6842.03 
  191  1720.01   1.10      106      106.773   19.65  6894.77 
 M192  1747.41   1.81      157      890.813    3.64  7004.28 
 m193  1755.53   1.81      139       81.374   16.43  7036.73 
  194  1765.13   1.25      179      272.431   11.15  7075.11 
  195  1787.64   0.46       62       75.361   22.03  7165.06 
