C:\GENIE2K\CAMFILES\Semmler\JP\P3\133Ba146S15.CNF            
10/04/2026 14:41:22   
    6504.89 seconds
    6559.53 seconds
  Pico Energia  Resol.    BG       Counts      1s    Canal
   No.  (keV)   (keV)                          (%)  
 M  1    19.83   0.79    16978     6585.441    2.02    99.90 
 m  2    21.02   0.80    17644    28782.713    0.73   104.67 
    3    25.11   0.55    26136     1506.750   17.02   121.03 
 M  4    29.16   0.80    49227    79816.453    0.41   137.20 
 m  5    30.89   0.81    50815   996960.625    0.10   144.09 
    6    35.00   0.73    35191   234405.656    0.24   160.51 
    7    53.20   0.70    11240    23417.105    0.96   233.26 
    8    61.76   0.96    15317     5254.592    3.90   267.47 
    9    65.89   0.84    22096     2324.246   10.19   283.96 
   10    71.15   0.71    22328      682.297   32.29   304.98 
   11    74.98   1.06    14248     1400.214   12.47   320.27 
 M 12    79.66   0.70    14266    27900.406    0.70   338.98 
 m 13    81.04   0.70     9803   374530.313    0.17   344.49 
   14    84.69   1.33     8958     1003.977   15.26   359.09 
   15   111.89   0.89    10742     5142.810    3.55   467.77 
   16   115.98   0.90    10000     1081.222   15.31   484.13 
   17   160.61   0.83    13581     5870.926    3.54   662.47 
   18   223.24   0.86     8707     2929.179    5.71   912.74 
   19   238.58   0.60     5295      304.073   39.26   974.01 
   20   276.41   0.92     3407    39721.602    0.56  1125.18 
 M 21   302.85   0.94     1615    93123.883    0.33  1230.85 
 m 22   307.22   0.94     1442     1166.308    3.92  1248.32 
 M 23   333.65   1.14     1502     2350.208    2.50  1353.93 
 m 24   337.99   1.14     1275      727.318    5.32  1371.25 
 M 25   351.95   0.98     1141      229.663   13.44  1427.04 
 m 26   356.01   0.98     1045   270543.125    0.19  1443.27 
 M 27   383.86   1.04      586    37660.188    0.52  1554.54 
 m 28   386.82   1.04      383     5519.184    1.38  1566.38 
 m 29   391.03   1.04      373     1204.038    3.15  1583.20 
   30   414.69   1.02      596      634.708    8.00  1677.74 
   31   437.00   0.98      404     2613.707    2.38  1766.91 
   32   510.72   1.73      360      389.109   10.30  2061.47 
   33   583.18   0.84      161      223.766   11.20  2351.01 
   34   609.39   1.11      213      246.628   12.61  2455.76 
   35   727.53   0.84      133       62.390   34.54  2927.83 
   36   911.31   1.18       96      256.191    9.43  3662.21 
   37   969.16   1.16       84      156.000   12.61  3893.40 
   38  1120.47   1.10       59      114.655   14.73  4498.01 
   39  1460.99   1.80       57      298.334    7.46  5858.72 
   40  1592.64   0.82       35       46.409   26.28  6384.78 
   41  1764.77   1.09       33      112.170   13.30  7072.59 
