C:\GENIE2K\CAMFILES\Semmler\JP\P3\152Eu52024.CNF             
17/04/2026 14:13:41   
    7812.34 seconds
    8239.86 seconds
  Pico Energia  Resol.    BG       Counts      1s    Canal
   No.  (keV)   (keV)                          (%)  
 M  1     1.10   0.76    21491    12768.027    1.25    25.08 
 m  2     2.30   0.78    84590    44439.684    0.79    29.87 
 M  3     6.35   0.88   160296    16721.037    2.39    46.04 
 m  4     7.37   0.89   163074    11703.150    3.03    50.13 
    5    22.14   0.74   100950     7004.242    6.92   109.14 
    6    30.21   1.15   146991    98571.141    0.67   141.39 
 M  7    39.99   0.93   481466  6544823.500    0.04   180.47 
 m  8    42.78   0.94   287187    92607.773    0.52   191.61 
 m  9    45.46   0.94   184887  1313979.625    0.10   202.32 
 m 10    46.69   0.95   119127   322430.938    0.25   207.24 
 m 11    48.73   0.95    90582    18292.234    1.50   215.39 
 m 12    50.12   0.96    73180     4450.805    5.36   220.95 
 M 13    72.83   0.66    61739     4360.939    4.55   311.69 
 m 14    74.98   0.67    63686     9160.016    2.58   320.28 
   15    79.88   1.30    85601    25000.930    1.96   339.87 
   16    85.08   1.23    97162    15571.664    3.27   360.66 
   17   111.94   0.56    74158     1941.047   20.66   467.98 
   18   121.79   0.80    83760  3126577.750    0.06   507.35 
   19   147.93   1.00    82547     3144.406   15.29   611.78 
   20   161.73   1.15    85883    46604.445    1.14   666.95 
   21   167.14   0.90    81329    10995.867    4.41   688.57 
   22   212.50   0.93    51331     1616.363   21.79   869.82 
   23   244.70   0.95    53883   492060.750    0.16   998.47 
   24   251.62   0.97    43547     4657.031    7.42  1026.15 
 M 25   271.07   0.91    36552     4372.145    4.05  1103.87 
 m 26   275.42   0.91    36403     2069.354    7.45  1121.25 
   27   284.62   1.26    45847    10657.824    3.61  1158.00 
   28   290.07   0.95    34578     2624.465   11.66  1179.76 
   29   295.94   0.94    41482    23640.406    1.63  1203.24 
   30   315.20   1.10    40191     3140.910   11.44  1280.17 
 M 31   324.84   0.98    29839     3844.505    3.88  1318.71 
 m 32   329.35   0.98    29600     6044.421    2.74  1336.75 
 M 33   340.46   0.99    28545     1812.009    7.43  1381.12 
 m 34   344.26   0.99    28961  1287904.375    0.09  1396.33 
   35   367.79   1.04    34424    43033.848    0.90  1490.35 
 M 36   384.05   1.14    24262     1334.989    9.91  1555.31 
 m 37   385.97   1.14    27519     1691.348    8.07  1562.98 
 M 38   411.10   1.04    22019    89385.758    0.37  1663.40 
 m 39   415.99   1.05    23596     4176.573    3.17  1682.94 
   40   443.95   1.10    28457   112023.617    0.40  1794.69 
 M 41   483.67   1.12    24594     1919.167    6.42  1953.41 
 m 42   488.66   1.12    24742    13771.942    1.30  1973.32 
 m 43   493.62   1.13    21564      732.292   16.43  1993.15 
   44   503.41   1.13    25732     5311.287    5.42  2032.27 
   45   510.83   2.20    32859     2559.777   13.41  2061.91 
   46   520.23   1.10    24310     1804.236   14.85  2099.48 
   47   534.21   1.21    23142     1581.363   16.17  2155.33 
 M 48   563.99   1.19    28008    14142.393    1.30  2274.33 
 m 49   566.33   1.19    26656     4322.185    3.28  2283.71 
   50   586.24   1.14    28933    12493.895    2.57  2363.24 
   51   656.46   1.05    22706     3452.293    7.77  2643.84 
 M 52   674.67   1.21    17355     4604.232    2.84  2716.62 
 m 53   678.62   1.21    21292    11488.104    1.43  2732.39 
   54   688.67   1.27    25286    21380.025    1.53  2772.54 
   55   712.85   1.49    24686     2494.309   11.54  2869.18 
   56   719.33   1.18    26053     8099.045    3.83  2895.09 
   57   755.34   0.86    22209      623.551   40.77  3038.98 
 M 58   764.89   1.20    20019     4239.833    3.29  3077.13 
 m 59   768.99   1.21    17865     2045.796    5.79  3093.52 
   60   778.90   1.33    27233   284779.938    0.22  3133.12 
   61   810.46   1.22    20644     6646.248    4.02  3259.24 
   62   841.58   1.28    15673     3164.939    6.66  3383.59 
   63   867.37   1.38    27747    80560.930    0.53  3486.62 
 M 64   897.12   2.17    23870     1911.856    6.64  3605.52 
 m 65   901.17   2.17    32044     3185.791    4.07  3621.71 
 m 66   907.04   2.18    27996     2187.633    5.63  3645.17 
 M 67   919.32   1.37    13471     7866.160    1.72  3694.21 
 m 68   926.28   1.37    14393     4721.218    2.44  3722.04 
 m 69   930.60   1.38    13941     1435.128    6.69  3739.28 
   70   964.06   1.44    16001   258573.938    0.22  3873.00 
   71   989.50   1.64     9973      899.893   19.93  3974.67 
 M 72  1004.90   1.96    12839    15395.617    0.98  4036.19 
 m 73  1009.61   1.97    14220     1112.417    7.88  4055.02 
 M 74  1085.86   1.50    10231   168282.219    0.25  4359.71 
 m 75  1089.77   1.50    10167    28746.838    0.65  4375.32 
   76  1112.11   1.54    16114   214080.625    0.25  4464.61 
 M 77  1123.16   1.68    12284     2755.525    3.55  4508.77 
 m 78  1125.76   1.68    12951     2563.437    3.80  4519.16 
 M 79  1151.98   1.64    12209     4281.000    2.65  4623.92 
 m 80  1157.53   1.64    13145      951.130    9.29  4646.12 
   81  1170.91   0.83     8677      396.948   39.31  4699.57 
   82  1212.99   1.58     9372    20498.559    1.20  4867.72 
   83  1233.87   1.51     6365     1629.974    9.65  4951.13 
   84  1249.88   1.44     5378     2346.245    6.12  5015.14 
   85  1261.22   0.79     4226      310.957   38.86  5060.45 
   86  1274.43   1.56     3374      436.731   24.92  5113.23 
 M 87  1292.83   1.60     2894     1390.668    3.93  5186.75 
 m 88  1299.19   1.60     2528    22572.586    0.68  5212.16 
   89  1334.97   1.00      839       82.144   59.67  5355.14 
   90  1363.95   1.43      752      349.295   14.89  5470.93 
   91  1408.10   1.70     1717   265609.938    0.20  5647.38 
   92  1433.98   1.31      858      259.140   22.06  5750.77 
 M 93  1447.92   1.69     1525     5105.609    1.50  5806.49 
 m 94  1453.59   1.69     1255      846.607    4.63  5829.13 
 m 95  1457.73   1.69      965     5895.089    1.35  5845.67 
   96  1529.11   3.15      248     6734.587    1.32  6130.93 
   97  1579.40   0.77       69       73.402   23.93  6331.86 
 M 98  1588.29   1.37       44       46.958   19.26  6367.41 
 m 99  1592.43   1.37       57       64.615   16.18  6383.94 
  100  1643.45   1.50       82      247.427    9.44  6587.80 
 M101  1764.67   1.80       25      161.808    8.11  7072.21 
 m102  1769.33   1.81       45      119.905   10.18  7090.81 
