C:\GENIE2K\CAMFILES\Semmler\JP\P3\166mHo24S09.CNF            
22/04/2026 12:48:54   
   23785.14 seconds
   24400.05 seconds
  Pico Energia  Resol.    BG       Counts      1s    Canal
   No.  (keV)   (keV)                          (%)  
    1     2.55   0.25   190508    78129.656    0.90    30.88 
 M  2     7.99   0.69   174905     7586.317    4.98    52.59 
 m  3     9.29   0.70   210136     6330.524    5.81    57.81 
 M  4    38.25   1.04   246531    11900.367    3.61   173.50 
 m  5    39.51   1.05   238120    20919.273    2.38   178.54 
 M  6    43.34   1.79   590592    53724.891    2.16   193.86 
 m  7    44.86   1.74   639524    76474.148    1.55   199.92 
    8    49.24   0.95   556256  2981646.250    0.07   217.41 
 M  9    53.92   0.79   167410     3928.258    8.98   236.12 
 m 10    55.70   0.80   203284   616597.625    0.14   243.25 
 m 11    57.26   0.80   175738   168604.813    0.31   249.48 
 M 12    70.79   1.26   306847    14552.241    3.04   303.53 
 m 13    72.85   1.27   335780    26240.641    1.72   311.78 
 m 14    75.01   1.27   265822    36615.734    1.30   320.39 
   15    80.65   0.77   171155  1283165.500    0.10   342.96 
 M 16    84.86   1.03   142665    15720.964    2.31   359.76 
 m 17    87.32   1.04   150706     6598.398    4.71   369.59 
 M 18    94.75   0.80   126980    15361.699    2.16   399.30 
 m 19    97.58   0.81   126648     3107.018    8.52   410.59 
 M 20   119.08   0.87   146786    16527.186    2.05   496.52 
 m 21   121.35   0.87   169492    30616.100    1.25   505.56 
 m 22   123.12   0.87   160243    21729.047    1.69   512.66 
   23   135.33   0.95   249118    11003.266    7.42   561.44 
   24   140.78   1.13   185393     3802.109   17.11   583.20 
 M 25   160.10   0.85   153836     7559.242    4.22   660.43 
 m 26   161.78   0.85   163492     9608.924    3.44   667.12 
   27   184.44   0.88   160980  5286638.000    0.05   757.70 
   28   190.76   0.91   124115    15351.070    3.81   782.93 
   29   215.93   0.97   125516   194464.750    0.38   883.51 
 M 30   231.43   1.24   126955    15982.178    1.87   945.44 
 m 31   233.35   1.25   125120    19949.018    1.57   953.11 
   32   240.05   0.92   121390     6099.078    9.99   979.90 
 M 33   244.76   0.89    66897      928.879   23.21   998.73 
 m 34   247.99   0.89    88137     2556.887   10.19  1011.64 
   35   259.75   0.97   104203    55746.281    1.07  1058.62 
   36   265.01   0.96    93370    16232.328    3.23  1079.64 
   37   280.49   1.00   107734  1459197.750    0.09  1141.50 
 M 38   300.78   0.97    73884   169801.125    0.28  1222.57 
 m 39   304.83   0.97    72570     1207.851   16.64  1238.74 
   40   329.45   1.55    89863     8702.609    6.19  1337.12 
 M 41   336.17   0.97    62022     1691.177   11.61  1363.99 
 m 42   339.82   0.97    66982     6168.357    3.72  1378.56 
 m 43   344.26   0.97    66726     3318.809    6.23  1396.32 
 M 44   361.02   1.02    52781     3924.071    5.06  1463.30 
 m 45   365.78   1.02    61553    92317.477    0.41  1482.33 
   46   410.98   1.07    77577   382958.125    0.21  1662.93 
   47   451.56   1.11    77813    91247.672    0.64  1825.08 
 M 48   459.90   1.12    64897     2228.679    8.56  1858.40 
 m 49   464.86   1.13    61412    53839.539    0.60  1878.23 
   50   476.27   0.78    59489      777.070   51.08  1923.81 
   51   485.23   0.76    70092     1538.383   29.33  1959.63 
   52   496.93   1.06    72220     3222.594   14.27  2006.38 
   53   520.93   1.29    81868     4699.508   10.87  2102.28 
   54   529.86   1.16    75095   253318.609    0.28  2137.96 
   55   571.04   1.21    76114   136386.906    0.47  2302.52 
   56   594.53   1.46    60339    17130.965    2.65  2396.38 
 M 57   611.63   1.33    54602    34915.023    0.78  2464.72 
 m 58   615.96   1.33    48158     4070.353    4.29  2482.00 
 M 59   635.81   1.29    27809      901.980   15.56  2561.34 
 m 60   640.00   1.30    32240     2038.019    7.00  2578.07 
 m 61   644.67   1.30    30274     3422.065    4.55  2596.73 
   62   670.56   1.26    24759   115873.086    0.39  2700.19 
   63   691.30   1.28    20008    30459.053    1.04  2783.07 
   64   711.74   1.30    22054  1123870.500    0.10  2864.73 
   65   723.35   1.12     9965     1867.925    9.37  2911.12 
 M 66   731.82   1.50     7871      372.254   21.35  2944.98 
 m 67   736.69   1.51    11932     7344.397    1.69  2964.43 
 M 68   752.33   1.32     8775   237868.297    0.21  3026.94 
 m 69   755.58   1.32     7989     2677.139    3.19  3039.92 
 m 70   760.53   1.33     7897     6061.538    1.71  3059.71 
   71   767.52   1.88     9477     1838.010   10.52  3087.65 
   72   778.87   1.35     9317    58581.328    0.52  3132.99 
   73   792.26   1.27     6163     2919.842    5.01  3186.50 
   74   801.13   1.57     7608     1697.941    9.92  3221.95 
   75   810.33   1.35     9263  1058370.750    0.10  3258.69 
   76   830.62   1.37     6881   171949.406    0.26  3339.79 
 M 77   851.57   1.84     4738      784.298    8.10  3423.51 
 m 78   855.00   1.84     6317     1897.775    3.69  3437.20 
 m 79   859.13   1.84     5721     6946.453    1.42  3453.72 
 m 80   866.12   1.85     5274     1460.150    4.40  3481.63 
 M 81   875.75   1.31     4462    11705.521    1.07  3520.12 
 m 82   879.54   1.31     3902      830.077    6.47  3535.26 
 M 83   890.92   1.40     3470     2446.080    2.73  3580.74 
 m 84   896.15   1.41     3125    12415.254    0.97  3601.65 
   85   911.21   1.34     3265     1261.550    9.35  3661.80 
   86   927.47   1.08     2502      631.709   14.86  3726.80 
   87   936.75   1.39     2979     2514.198    4.53  3763.86 
   88   951.05   1.45     3404    44838.883    0.54  3821.00 
 M 89   964.25   1.56     2503      929.982    5.47  3873.75 
 m 90   969.05   1.56     2488      889.709    5.56  3892.93 
 M 91   992.15   1.56     2198     1544.903    3.68  3985.24 
 m 92   994.78   1.56     2573    11741.101    0.99  3995.76 
 M 93  1004.81   1.45     2169     1456.387    3.65  4035.83 
 m 94  1010.36   1.45     2136     1223.522    4.07  4058.00 
 m 95  1015.02   1.45     2106     1645.763    3.33  4076.65 
   96  1032.49   2.11     1717      557.573   14.07  4146.43 
   97  1085.86   1.09     1757      500.719   16.84  4359.73 
   98  1111.19   1.73     1795     2649.336    3.79  4460.92 
   99  1120.48   1.64     1620     2948.492    3.29  4498.04 
  100  1135.48   1.66     1461      687.974   11.42  4558.00 
  101  1146.95   1.46     1463     2727.884    3.40  4603.80 
  102  1221.27   1.21      833      306.024   18.02  4900.80 
  103  1241.63   1.65     1257    12221.483    1.07  4982.14 
 M104  1274.57   1.65      798     2641.020    2.10  5113.79 
 m105  1282.21   1.65      864     2630.641    2.13  5144.32 
  106  1331.07   0.55      416      158.500   24.21  5339.55 
 M107  1401.00   1.71      326     5681.922    1.33  5618.98 
 m108  1408.15   1.71      259      889.177    3.61  5647.58 
  109  1427.47   1.72      339     5756.197    1.48  5724.79 
  110  1461.00   1.85      283     1088.662    4.37  5858.76 
  111  1490.62   1.11      200      150.282   20.34  5977.13 
  112  1522.10   1.88      213     4139.532    1.73  6102.90 
  113  1562.76   1.73      140      894.620    4.29  6265.39 
 M114  1588.27   1.64      135       99.261   14.73  6367.32 
 m115  1592.76   1.65      150      171.398    9.43  6385.26 
 m116  1596.65   1.65      112      106.214   12.27  6400.79 
  117  1764.89   1.18       60      437.663    5.92  7073.10 
