C:\GENIE2K\CAMFILES\Semmler\JP\P3\22Na22S09.CNF              
28/04/2026 12:51:08   
   11187.04 seconds
   11205.83 seconds
  Pico Energia  Resol.    BG       Counts      1s    Canal
   No.  (keV)   (keV)                          (%)  
    1    75.09   0.64     3320      317.236   27.17   320.73 
    2   238.67   1.04     3477      423.129   22.59   974.38 
    3   351.88   0.61     1686      201.742   31.42  1426.76 
    4   510.99   2.33     8948    80094.906    0.41  2062.55 
    5   583.18   1.23      631      383.880   12.64  2351.03 
    6   609.36   1.40      552      432.220   10.59  2455.66 
    7   727.22   0.81      384       86.686   37.39  2926.60 
    8   911.29   1.19      539      385.552   11.44  3662.15 
    9   969.17   1.66      477      254.906   15.24  3893.43 
   10  1120.47   0.67      378       92.361   36.63  4498.01 
   11  1274.61   1.63      171    22268.398    0.68  5113.93 
   12  1460.93   1.55      110      538.943    5.71  5858.47 
 M 13  1588.48   1.54       56       69.245   15.10  6368.14 
 m 14  1592.86   1.54       72       75.118   14.99  6385.67 
   15  1764.66   1.67       44      202.000    9.48  7072.15 
   16  1785.69   1.02       74      209.750   11.03  7156.19 
