C:\GENIE2K\CAMFILES\Semmler\JP\P3\60Co144S15.CNF             
15/04/2026 13:47:17   
   12002.24 seconds
   12019.23 seconds
  Pico Energia  Resol.    BG       Counts      1s    Canal
   No.  (keV)   (keV)                          (%)  
    1     1.58   0.40     5298    70021.109    0.41    27.00 
    2    74.93   0.64     2867      422.823   19.65   320.08 
    3   238.57   1.05     1564      531.319   11.45   973.97 
    4   295.22   0.93     1604      157.068   40.23  1200.35 
    5   351.82   0.91     1648      375.176   18.70  1426.54 
    6   510.94   1.78     1467      923.921    8.30  2062.37 
    7   583.20   1.21      936      472.512   11.47  2351.09 
    8   609.29   1.22      965      378.189   14.34  2455.38 
    9   911.23   1.50     1979      436.469   19.99  3661.91 
   10   968.88   0.73     1487      226.883   30.85  3892.27 
   11  1173.29   1.55      835    32228.496    0.59  4709.08 
   12  1238.19   0.95      200      133.802   22.24  4968.43 
   13  1332.60   1.63      240    29035.783    0.60  5345.69 
   14  1377.77   0.93       41       50.793   24.61  5526.17 
   15  1461.04   1.54      113      528.400    5.89  5858.91 
   16  1592.52   1.11      115       64.344   34.48  6384.32 
   17  1764.79   1.56       72      222.811    9.94  7072.69 
