C:\GENIE2K\CAMFILES\Semmler\JP\P7\152Eu52024.CNF             
30/09/2026 10:19:01   
   30339.76 seconds
   30670.72 seconds
  Pico Energia  Resol.    BG       Counts      1s    Canal
   No.  (keV)   (keV)                          (%)  
    1     6.34   0.64   130475     5654.797    9.19    46.02 
    2    22.20   0.85    88191     4851.805    9.06   109.39 
    3    30.25   1.18   136863    56475.391    1.08   141.54 
 M  4    40.01   1.01   422153  4016679.250    0.05   180.56 
 m  5    43.03   1.01   244380    37731.801    1.08   192.61 
 m  6    45.49   1.02   161236   833194.125    0.13   202.44 
 m  7    46.73   1.02   102977   194301.953    0.35   207.40 
 m  8    48.81   1.03    69824     9481.916    2.51   215.72 
 m  9    50.29   1.03    60327     1852.122   11.51   221.61 
 M 10    72.86   0.81    59000     5704.537    3.50   311.81 
 m 11    75.05   0.81    60325    10557.757    2.20   320.55 
   12    84.88   1.12    88366    10934.039    4.42   359.83 
   13   121.86   0.86   244228  1878128.875    0.09   507.60 
   14   148.11   0.59    57375     1297.453   29.40   612.51 
   15   161.77   1.34    68628     5619.664    7.86   667.08 
   16   212.47   0.79    47848     1102.188   31.58   869.67 
   17   244.74   0.97    41761   315298.500    0.21   998.65 
   18   251.69   1.05    38015     3543.469    9.49  1026.40 
 M 19   271.15   0.91    28398     2595.305    5.93  1104.16 
 m 20   275.49   0.92    28210     1231.451   10.90  1121.51 
   21   296.00   1.05    38493    16031.195    2.30  1203.47 
   22   315.30   1.21    26339     2311.572   11.59  1280.60 
 M 23   324.93   0.97    22580     2593.268    5.12  1319.06 
 m 24   329.44   0.98    21606     3696.856    3.84  1337.10 
 M 25   340.49   1.02    18842      980.928   12.09  1381.25 
 m 26   344.34   1.03    21353   805175.125    0.11  1396.62 
   27   351.86   0.71    22457      774.500   33.05  1426.68 
   28   367.84   1.06    23688    25149.742    1.25  1490.54 
   29   386.02   1.06    18359     1066.471   21.33  1563.19 
 M 30   411.18   1.08    17061    57119.656    0.47  1663.73 
 m 31   416.10   1.09    16613     2809.786    3.98  1683.39 
   32   444.03   1.11    20313    73517.078    0.50  1794.98 
 M 33   488.76   1.12    17462     8770.125    1.70  1973.74 
 m 34   493.79   1.13    17337      583.596   17.06  1993.85 
   35   503.56   1.10    17366     2815.242    8.17  2032.87 
   36   510.97   2.13    22284     4110.988    6.86  2062.48 
   37   520.28   1.09    16138     1245.189   17.18  2099.66 
   38   534.23   1.05    16604      724.590   29.78  2155.41 
 M 39   564.09   1.24    18313     9659.821    1.60  2274.75 
 m 40   566.50   1.25    19342     2543.173    4.57  2284.37 
 M 41   583.22   1.21    15895      887.333   12.08  2351.20 
 m 42   586.37   1.21    18698     8471.547    1.77  2363.78 
   43   609.39   0.86    17696      944.355   25.15  2455.75 
   44   656.61   1.22    17517     2568.904    9.50  2644.44 
 M 45   674.77   1.29    15221     3161.591    3.54  2717.01 
 m 46   678.73   1.30    15834     7790.197    1.78  2732.84 
   47   688.78   1.29    18899    13123.137    2.15  2773.00 
   48   712.90   1.20    15890     1544.197   14.67  2869.36 
   49   719.45   1.30    16291     4668.160    5.05  2895.56 
 M 50   764.97   1.33    14138     2653.763    4.32  3077.44 
 m 51   769.05   1.33    14377     1664.075    6.15  3093.75 
   52   779.01   1.37    18857   182164.094    0.28  3133.56 
   53   810.59   1.40    12855     3927.970    5.25  3259.73 
   54   841.72   1.31    15769     2397.140   10.03  3384.14 
   55   867.50   1.42    18749    53742.289    0.66  3487.17 
   56   901.34   1.22    10433      515.668   33.91  3622.37 
   57   911.32   1.07     8618      802.944   19.95  3662.24 
 M 58   919.48   1.42    10168     5160.817    2.11  3694.85 
 m 59   926.42   1.42     9696     3172.969    2.96  3722.59 
 m 60   930.67   1.42     9431      998.099    7.86  3739.57 
 M 61   964.20   1.47     8299   170326.188    0.24  3873.57 
 m 62   969.09   1.47     7071      942.983    7.50  3893.11 
   63  1005.35   1.57     7251     7808.342    2.40  4037.98 
 M 64  1086.01   1.53     6526   107206.578    0.31  4360.31 
 m 65  1089.92   1.53     6707    18391.650    0.81  4375.94 
   66  1112.25   1.57    10202   139285.906    0.31  4465.18 
   67  1152.08   0.63     9570      648.528   31.36  4624.32 
   68  1213.12   1.61     5445    13722.571    1.37  4868.24 
   69  1250.10   1.58     3888     1741.090    7.56  5015.99 
   70  1261.50   0.36     2012      323.762   24.16  5061.58 
 M 71  1293.01   1.62     1832      892.266    4.98  5187.46 
 m 72  1299.36   1.63     1664    14757.165    0.84  5212.84 
   73  1348.48   1.15      678      211.702   24.02  5409.13 
   74  1364.06   0.78      787      274.059   21.97  5471.38 
   75  1408.29   1.72      982   175052.547    0.24  5648.13 
   76  1448.15   1.57      412      602.500    7.97  5807.41 
 M 77  1457.94   1.70      447     3982.395    1.62  5846.51 
 m 78  1461.10   1.70      282     1334.500    2.92  5859.15 
   79  1528.41   2.03      219     2367.461    2.45  6128.10 
 M 80  1588.49   1.60      105      154.386    9.89  6368.19 
 m 81  1593.01   1.61      149      236.710    7.74  6386.25 
   82  1630.98   0.51      158       81.028   33.04  6538.00 
   83  1764.88   1.63      152      460.812    7.09  7073.05 
