C:\GENIE2K\CAMFILES\Semmler\JP\P7\166mHo24S09.CNF            
07/08/2026 15:40:22   
  140000.00 seconds
  140868.90 seconds
  Pico Energia  Resol.    BG       Counts      1s    Canal
   No.  (keV)   (keV)                          (%)  
    1     1.63   0.41   323888  1340459.250    0.11    27.19 
 M  2    38.30   0.90   331122     9238.480    4.76   173.73 
 m  3    39.51   0.90   321406    16139.184    3.16   178.57 
    4    44.91   0.25   542127     5583.375   20.28   200.12 
    5    49.23   1.50   704803  3166742.250    0.07   217.39 
 M  6    54.12   0.86   321140    30049.758    1.48   236.92 
 m  7    55.70   0.86   265977   643478.438    0.14   243.24 
 m  8    57.26   0.86   237104   171436.781    0.33   249.49 
 M  9    72.87   0.71   259656    13045.393    3.15   311.84 
 m 10    75.04   0.71   266850    29171.961    1.68   320.51 
   11    80.66   0.81   278166  1299507.250    0.11   342.98 
 M 12    84.86   1.08   226217    28618.762    1.59   359.78 
 m 13    87.38   1.08   223853    10945.823    3.53   369.85 
   14    94.76   0.81   176439    13999.781    4.59   399.31 
 M 15   119.09   0.89   228647    15935.505    2.60   496.53 
 m 16   121.35   0.90   246881    30345.102    1.48   505.56 
 m 17   123.13   0.90   264763    20891.104    2.02   512.69 
   18   135.27   0.81   339140    12545.656    7.59   561.21 
   19   140.71   0.86   354800     6679.719   14.86   582.93 
 M 20   160.07   0.86   241779     6746.273    5.88   660.28 
 m 21   161.81   0.86   245193     8218.406    5.08   667.26 
   22   174.47   0.92   330442     5299.188   18.07   717.85 
   23   184.44   0.93   235134  5722749.500    0.04   757.70 
   24   190.79   0.89   195480    17095.203    4.36   783.06 
   25   215.93   1.01   189088   210596.547    0.41   883.51 
   26   231.37   0.92   170189    12680.578    5.59   945.22 
   27   238.65   0.98   163855     5289.625   13.06   974.31 
   28   248.17   0.91   158134     2731.172   24.80  1012.33 
   29   259.76   1.00   154190    64991.516    1.12  1058.64 
   30   265.03   0.97   127755     2581.945   23.08  1079.71 
   31   280.49   1.03   138666  1639590.125    0.09  1141.51 
   32   300.78   1.04   124748   191800.938    0.40  1222.55 
 M 33   339.81   1.01    85986     7044.804    3.79  1378.52 
 m 34   344.29   1.01    85309     3363.455    6.97  1396.42 
   35   351.96   1.00    83672     2792.914   16.91  1427.09 
 M 36   361.01   1.06    60621      803.222   26.26  1463.24 
 m 37   365.79   1.06    83752   106723.727    0.39  1482.36 
   38   410.99   1.11    95802   438550.500    0.20  1662.96 
   39   451.57   1.16    95717   105183.617    0.61  1825.12 
   40   464.86   1.18   103362    44832.789    1.40  1878.21 
   41   496.96   1.04   111464     3386.289   18.21  2006.50 
   42   510.83   1.70   122536     7290.961    9.07  2061.90 
   43   520.96   1.19    87368     5450.523    9.31  2102.42 
   44   529.87   1.20    92347   290288.844    0.27  2138.01 
   45   571.06   1.24    90371   157162.656    0.44  2302.58 
   46   583.19   1.26    79446     4825.906   10.64  2351.08 
   47   594.48   1.29    78412    16079.063    3.24  2396.18 
 M 48   609.37   1.34    64807     5549.847    3.81  2455.68 
 m 49   611.66   1.34    64596    40600.941    0.73  2464.84 
 m 50   615.98   1.34    60993     4525.092    4.22  2482.08 
 M 51   640.05   1.08    27519     2239.498    6.74  2578.29 
 m 52   644.67   1.08    30541     2906.444    5.38  2596.75 
   53   670.58   1.30    33159   133824.359    0.38  2700.27 
   54   691.31   1.34    23591    33100.477    1.03  2783.11 
   55   711.75   1.32    22822  1275366.875    0.09  2864.79 
 M 56   723.35   1.17    10197     2298.084    4.44  2911.15 
 m 57   727.40   1.17    10242     1165.142    7.38  2927.31 
   58   736.73   1.59    13146     8702.641    2.73  2964.61 
   59   752.34   1.33    13285   268867.750    0.21  3027.00 
   60   760.54   1.67     8766     1193.728   14.45  3059.74 
   61   778.89   1.36     9393    66323.352    0.48  3133.07 
 M 62   792.30   1.30     7248      524.842   13.24  3186.67 
 m 63   795.02   1.30     7254      617.572   11.75  3197.51 
   64   810.35   1.39     9724  1198830.000    0.09  3258.77 
   65   830.64   1.38     5811   198093.500    0.24  3339.86 
   66   859.77   2.84     4600     2176.068    6.50  3456.26 
   67   867.47   1.01     3490      609.373   18.30  3487.04 
   68   875.75   1.39     4849    14531.549    1.25  3520.11 
 M 69   890.89   1.50     2925      491.374   10.12  3580.61 
 m 70   896.16   1.50     3489     2600.021    2.70  3601.69 
   71   911.31   1.38     3505     5094.729    2.62  3662.20 
   72   936.68   1.13     3306      342.020   31.43  3763.60 
   73   951.07   1.47     3557    49877.105    0.51  3821.09 
 M 74   964.48   1.51     2936     1868.104    3.21  3874.68 
 m 75   969.10   1.51     2851     3255.862    2.19  3893.15 
   76   994.90   2.56     3163     2703.440    4.28  3996.24 
 M 77  1004.82   1.38     2703     1680.090    3.55  4035.88 
 m 78  1010.39   1.38     2618     1175.751    4.49  4058.15 
 m 79  1015.13   1.39     2554      344.896   12.28  4077.07 
   80  1085.93   1.10     2053      481.310   17.60  4359.98 
   81  1111.87   2.03     2571     1160.719    9.22  4463.63 
   82  1120.48   1.65     2585     5227.436    2.44  4498.05 
   83  1147.00   1.47     2489     3261.403    3.57  4604.00 
   84  1155.34   0.60     1541      121.686   55.54  4637.35 
 M 85  1238.25   1.61     1803      745.847    5.78  4968.67 
 m 86  1241.69   1.61     1892    12061.110    0.95  4982.41 
 M 87  1274.59   1.66     1566     2625.039    2.27  5113.88 
 m 88  1282.22   1.67     1595     2595.432    2.28  5144.33 
   89  1377.96   1.74      868      551.818   10.53  5526.94 
 M 90  1401.04   1.73     1015     6606.567    1.27  5619.14 
 m 91  1408.23   1.73     1011     1213.219    3.49  5647.87 
   92  1427.51   1.70     1098     6396.792    1.66  5724.91 
   93  1461.06   1.81     1078     6785.192    1.59  5859.00 
   94  1496.09   1.58      866      237.704   25.68  5998.96 
   95  1509.31   1.91      724      197.012   26.12  6051.80 
   96  1522.16   1.72      767      982.769    6.42  6103.16 
   97  1562.69   1.41      725      194.227   28.75  6265.10 
 M 98  1588.50   1.63      656      725.392    4.64  6368.23 
 m 99  1592.86   1.63      784      975.797    3.93  6385.64 
  100  1621.04   1.20      787      358.962   16.96  6498.24 
  101  1630.94   1.42      507      422.676   11.26  6537.83 
  102  1729.94   1.52      607      452.667   12.16  6933.43 
  103  1764.85   1.83      734     2228.872    3.37  7072.91 
  104  1847.81   1.93      549      251.975   19.64  7404.44 
