C:\GENIE2K\CAMFILES\Semmler\JP\P7\22Na91S19.CNF              
16/09/2026 12:03:06   
   22109.32 seconds
   22185.34 seconds
  Pico Energia  Resol.    BG       Counts      1s    Canal
   No.  (keV)   (keV)                          (%)  
 M  1    72.91   0.78    13695     1262.625    8.10   312.01 
 m  2    75.01   0.79    16651     2502.369    4.75   320.43 
    3    84.87   0.91    18890     1618.707   13.68   359.81 
    4   238.74   1.06    20951      905.332   26.76   974.65 
    5   352.06   0.72    11484      476.687   36.78  1427.47 
    6   511.13   2.40    45719   497173.250    0.16  2063.13 
    7   583.38   0.95     2395      848.874   10.39  2351.84 
    8   609.56   1.27     2819      718.902   13.83  2456.45 
    9   727.42   0.91     2109      244.644   31.84  2927.41 
   10   911.51   1.58     2564      772.928   11.69  3663.01 
   11   969.22   1.20     3322      366.087   27.22  3893.63 
   12  1120.49   0.84     1623      352.837   20.11  4498.07 
   13  1238.56   0.39      448       83.808   45.27  4969.89 
   14  1274.97   1.67      698   138760.688    0.27  5115.39 
   15  1461.45   1.60      178     1036.229    4.12  5860.54 
 M 16  1588.63   1.42      105       90.176   14.31  6368.76 
 m 17  1593.11   1.42      126      133.990   11.08  6386.67 
   18  1730.29   0.96       58       75.276   21.20  6934.80 
   19  1765.17   1.00       87      373.500    7.26  7074.21 
   20  1786.28   1.64      117      280.316   10.12  7158.55 
