C:\GENIE2K\CAMFILES\Semmler\JP\P7\22Na22S09.CNF              
02/10/2026 11:46:05   
   60000.00 seconds
   60076.80 seconds
  Pico Energia  Resol.    BG       Counts      1s    Canal
   No.  (keV)   (keV)                          (%)  
    1     1.58   0.34    17469  2617749.750    0.06    27.00 
 M  2    72.92   0.75    10481     1029.641    8.25   312.05 
 m  3    75.02   0.76    11004     1991.237    5.07   320.44 
    4    85.03   1.08    14353     1449.994   13.38   360.43 
    5   238.71   0.91     9029     2360.820    6.85   974.53 
    6   295.42   0.58     5934      624.419   19.97  1201.16 
    7   338.44   1.11     7452      943.271   16.84  1373.06 
    8   352.02   0.94     5534     1414.362    9.68  1427.31 
    9   463.10   1.02     2144      231.215   32.41  1871.19 
   10   511.10   2.40     8905    71950.250    0.45  2062.99 
   11   583.33   1.14     2207     2090.130    4.81  2351.62 
   12   609.48   1.24     1709     2015.843    4.32  2456.12 
   13   727.34   1.42     1415      529.731   13.55  2927.09 
   14   768.56   1.08      892       76.447   61.55  3091.78 
   15   795.05   0.95     1088      240.881   24.25  3197.65 
   16   860.79   1.44     1392      415.790   18.09  3460.33 
   17   911.39   1.38     1247     2063.354    3.89  3662.55 
 M 18   964.98   1.40     1147      433.688    7.62  3876.69 
 m 19   969.20   1.40     1075     1319.091    3.47  3893.56 
   20  1120.59   1.50      946      750.771    8.75  4498.49 
   21  1238.57   1.27      522      243.516   17.81  4969.93 
   22  1274.89   1.61      676    19457.691    0.77  5115.05 
   23  1378.20   2.16      365      246.445   16.10  5527.91 
   24  1408.32   0.67      342      156.042   23.63  5648.25 
   25  1461.29   1.76      461     2725.291    2.54  5859.91 
 M 26  1588.66   1.91      297      355.843    6.31  6368.88 
 m 27  1593.16   1.91      282      429.336    5.56  6386.87 
   28  1621.45   1.02      257      130.483   25.03  6499.89 
   29  1631.33   1.86      226      186.425   17.50  6539.37 
   30  1729.94   1.27      248      153.545   21.51  6933.43 
   31  1765.11   1.96      297      978.801    4.92  7073.94 
   32  1848.07   0.71      184      102.505   25.86  7405.47 
