C:\GENIE2K\CAMFILES\Semmler\JP\P7\60Co144S15.CNF             
04/09/2026 15:11:13   
   70000.00 seconds
   70085.57 seconds
  Pico Energia  Resol.    BG       Counts      1s    Canal
   No.  (keV)   (keV)                          (%)  
 M  1    72.88   0.82    12513     1091.624    8.31   311.88 
 m  2    75.05   0.82    13221     2473.069    4.49   320.56 
    3    84.80   1.09    17192     1449.914   14.91   359.52 
    4   238.69   0.96     9421     2939.934    5.66   974.47 
    5   295.26   1.26     6165      721.324   18.07  1200.53 
    6   327.83   0.64     6539      371.771   38.85  1330.64 
    7   338.41   1.20     5302      754.064   16.44  1372.94 
    8   351.95   1.17     5012     1791.701    7.12  1427.06 
    9   510.88   2.09     4317     4208.133    3.30  2062.10 
   10   583.29   1.22     2839     2259.827    4.68  2351.47 
   11   609.40   1.28     2635     2242.286    4.57  2455.80 
   12   727.41   1.32     2620      563.528   17.52  2927.36 
   13   794.94   1.10     1938      500.375   16.20  3197.20 
   14   860.60   1.15     2757      505.821   20.92  3459.58 
   15   911.37   1.45     2751     2425.131    4.60  3662.47 
 M 16   964.96   1.45     2143      402.473   10.72  3876.60 
 m 17   969.15   1.45     2367     1564.600    3.58  3893.36 
   18  1120.47   1.54     1827      982.834    9.27  4497.99 
   19  1173.46   1.58     1422    31155.369    0.62  4709.74 
   20  1238.34   1.81      722      319.288   16.45  4969.02 
   21  1332.77   1.68      755    27444.930    0.64  5346.34 
   22  1377.92   1.39      536      227.586   22.30  5526.75 
   23  1408.56   0.92      373      178.787   21.59  5649.21 
   24  1461.17   1.71      552     3372.221    2.27  5859.43 
   25  1509.83   0.98      355      107.500   33.07  6053.87 
 M 26  1588.48   1.64      384      332.902    7.15  6368.17 
 m 27  1592.89   1.64      383      490.514    5.49  6385.77 
   28  1621.04   0.83      333      142.763   26.59  6498.25 
   29  1631.06   0.88      246      182.231   17.78  6538.30 
   30  1730.12   1.40      292      262.711   14.94  6934.15 
   31  1764.94   1.93      274     1082.037    4.32  7073.28 
   32  1847.90   0.71      183      176.425   16.23  7404.77 
