C:\GENIE2K\CAMFILES\Semmler\JP\P4\133Ba146S15.CNF            
07/05/2026 12:33:15   
   13971.77 seconds
   14044.46 seconds
  Pico Energia  Resol.    BG       Counts      1s    Canal
   No.  (keV)   (keV)                          (%)  
 M  1    19.87   0.84    30709     8404.373    2.00   100.07 
 m  2    21.06   0.85    29885    33734.863    0.74   104.82 
    3    25.14   0.57    39490     1339.703   23.19   121.11 
 M  4    29.30   0.87    76021   103519.938    0.38   137.75 
 m  5    30.93   0.87    71611  1195422.125    0.09   144.25 
    6    35.04   0.78    53879   261378.469    0.24   160.69 
    7    53.24   0.76    15596    27847.219    0.91   233.41 
    8    61.81   0.94    19883     4091.727    5.56   267.68 
    9    71.25   0.54    30162      478.299   53.35   305.38 
   10    75.09   1.18    32413     2845.355    9.98   320.72 
 M 11    79.70   0.76    22381    31415.740    0.70   339.14 
 m 12    81.08   0.76    15575   445742.063    0.15   344.67 
   13   111.91   0.94    14427     3842.503    5.32   467.85 
   14   160.66   0.88    17244     7076.078    3.30   662.67 
   15   223.30   0.87    12004     3556.522    5.60   912.97 
   16   238.71   1.13     6938      644.744   20.84   974.56 
   17   276.46   0.97     5311    47109.219    0.53  1125.37 
 M 18   302.90   0.97     2691   110702.031    0.30  1231.04 
 m 19   307.19   0.98     2477      801.915    5.94  1248.17 
 M 20   333.70   1.17     2454     1647.279    3.53  1354.12 
 m 21   338.09   1.17     2035      504.386    8.22  1371.66 
 M 22   351.98   1.01     1859      403.884    9.71  1427.16 
 m 23   356.06   1.02     1511   322192.375    0.18  1443.46 
 M 24   383.90   1.06      903    44153.883    0.48  1554.71 
 m 25   386.85   1.06      695     3747.418    1.74  1566.48 
 m 26   391.09   1.07      675      840.463    4.29  1583.45 
   27   414.72   1.24      848      463.670   12.24  1677.88 
   28   437.04   1.08      700     1681.000    3.66  1767.07 
   29   510.84   1.74      704      813.758    7.05  2061.97 
   30   583.28   1.22      391      394.177    9.89  2351.44 
   31   609.34   1.22      355      521.598    7.86  2455.56 
   32   727.40   0.80      233      112.702   25.37  2927.31 
   33   785.57   0.32      135       29.303   62.52  3159.76 
   34   860.73   0.78      144       55.958   36.59  3460.09 
   35   911.39   1.21      161      511.295    6.30  3662.53 
   36   934.16   0.71       97       46.576   36.92  3753.52 
 M 37   964.86   1.50      166       84.203   16.38  3876.20 
 m 38   969.04   1.51      160      340.573    6.18  3892.91 
   39  1120.30   0.76      189      146.519   19.77  4497.34 
   40  1238.43   0.63      132       41.776   50.20  4969.38 
   41  1461.05   1.62      104      652.170    5.14  5858.96 
 M 42  1588.45   1.54       77       37.264   26.65  6368.03 
 m 43  1592.81   1.55       89       85.951   14.38  6385.45 
   44  1764.81   1.41       50      219.756    9.16  7072.78 
   45  1848.26   0.50       22       43.500   23.98  7406.23 
