C:\GENIE2K\CAMFILES\Semmler\JP\P4\152Eu52024.CNF             
22/05/2026 13:23:49   
   10155.36 seconds
   10503.50 seconds
  Pico Energia  Resol.    BG       Counts      1s    Canal
   No.  (keV)   (keV)                          (%)  
    1     2.05   0.78    66467    47661.516    0.95    28.88 
 M  2     6.35   0.82   115903    12320.875    2.69    46.03 
 m  3     7.35   0.82   104235     8553.483    3.42    50.06 
    4    22.13   0.70    77444     5436.328    7.81   109.09 
    5    30.19   1.12   119860    73339.234    0.80   141.32 
 M  6    37.77   0.97   325403   296129.156    0.23   171.59 
 m  7    39.95   0.97   218861  5335227.000    0.04   180.30 
 m  8    42.86   0.98   112717   136390.625    0.33   191.93 
 m  9    45.43   0.99    95001  1037573.125    0.11   202.22 
 m 10    46.68   0.99    76264   238444.016    0.30   207.21 
 m 11    48.72   1.00    66444    15584.156    1.56   215.34 
 m 12    50.12   1.00    60396     3586.060    5.88   220.96 
 M 13    72.80   0.72    48180     4626.796    4.02   311.57 
 m 14    74.98   0.72    54905     9085.695    2.42   320.27 
   15    79.90   1.27    69761    10312.016    4.18   339.95 
 M 16    84.95   1.27    90113    12705.187    2.34   360.14 
 m 17    87.19   1.28   103714     1874.177   12.98   369.09 
   18   111.87   0.58    74176     3204.797   12.56   467.71 
   19   121.79   0.79    69767  2479397.750    0.07   507.32 
   20   161.73   1.13    70650    21846.953    2.13   666.92 
   21   167.11   0.76    58711     4861.863    8.02   688.44 
   22   212.58   0.76    44795      910.113   36.09   870.13 
   23   244.72   0.93    45867   407761.750    0.18   998.54 
   24   251.68   0.89    40766     3569.762    9.54  1026.38 
 M 25   271.12   1.06    36932     4253.889    4.15  1104.06 
 m 26   275.41   1.07    36311     1867.389    8.12  1121.21 
   27   284.67   1.12    37659     4884.340    6.89  1158.19 
   28   295.98   0.94    36250    19930.684    1.80  1203.38 
   29   315.18   1.11    24591     1774.467   14.21  1280.12 
 M 30   324.81   0.96    23301     3083.703    4.40  1318.61 
 m 31   329.40   0.96    22969     4919.506    3.06  1336.94 
 M 32   340.49   0.97    22331     1536.109    8.03  1381.24 
 m 33   344.30   0.98    24046  1051541.000    0.10  1396.48 
   34   367.83   1.03    27455    34081.910    1.02  1490.49 
   35   386.06   0.83    15486      863.668   21.96  1563.33 
 M 36   411.15   1.03    18301    74065.508    0.40  1663.60 
 m 37   416.01   1.04    19336     3591.484    3.35  1683.04 
   38   444.00   1.06    23566    93925.828    0.44  1794.88 
 M 39   488.72   1.10    20573    11175.439    1.46  1973.56 
 m 40   493.70   1.11    17890     1126.495    9.86  1993.48 
   41   503.54   1.08    24377     4143.072    6.97  2032.79 
   42   511.12   1.87    26248     2577.355   11.72  2063.08 
   43   520.21   1.01    19281     1344.438   17.37  2099.40 
   44   534.32   0.80    20778      820.725   30.04  2155.77 
 M 45   564.06   1.21    21783    11945.994    1.41  2274.61 
 m 46   566.43   1.21    23483     3231.615    3.94  2284.09 
   47   586.35   1.20    24848    10829.477    2.80  2363.68 
   48   656.58   1.20    20667     3235.994    8.21  2644.33 
 M 49   674.73   1.22    15557     3672.041    3.24  2716.86 
 m 50   678.70   1.22    17586     9715.430    1.55  2732.74 
   51   688.76   1.22    23134    17352.588    1.83  2772.91 
   52   712.90   1.38    21381     1980.145   13.77  2869.39 
   53   719.44   1.32    23174     6269.180    4.72  2895.52 
 M 54   765.01   1.14    16385     3319.292    3.68  3077.62 
 m 55   769.09   1.14    14408     1983.531    5.37  3093.93 
   56   779.01   1.33    21996   234447.438    0.24  3133.57 
 M 57   806.10   1.31    12526      344.820   27.79  3241.79 
 m 58   810.56   1.32    16260     5769.781    2.32  3259.61 
   59   841.69   1.37    21411     3044.850    9.49  3384.01 
   60   867.52   1.38    23478    67896.984    0.59  3487.22 
 M 61   901.41   1.10    10436      964.644   10.12  3622.64 
 m 62   907.44   1.10    10619      675.908   12.89  3646.75 
 M 63   919.50   1.38    11851     6483.445    1.86  3694.93 
 m 64   926.43   1.38    11438     4086.481    2.57  3722.63 
 m 65   930.78   1.38    11180     1233.612    7.05  3740.01 
   66   964.21   1.45    12966   214886.484    0.24  3873.60 
   67  1005.33   1.64     9984    11366.104    1.97  4037.93 
 M 68  1086.04   1.50     8192   138107.297    0.27  4360.42 
 m 69  1089.93   1.50     7757    23512.135    0.72  4375.99 
   70  1112.28   1.51    12842   177372.281    0.27  4465.29 
 M 71  1123.46   1.46     8152     1198.124    6.60  4509.95 
 m 72  1125.84   1.46     8928     1125.424    6.89  4519.47 
   73  1152.16   1.48    10846     1735.643   11.87  4624.64 
   74  1213.17   1.60     7524    17037.367    1.30  4868.45 
   75  1234.06   0.92     4374      596.232   20.43  4951.90 
   76  1250.12   1.46     4895     2328.383    6.27  5016.10 
   77  1261.24   0.94     2703      194.831   45.91  5060.52 
   78  1274.78   1.51     3113      339.878   32.25  5114.61 
 M 79  1292.95   1.60     1918     1110.607    4.34  5187.22 
 m 80  1299.42   1.60     1801    18846.742    0.74  5213.07 
   81  1348.32   0.85      719      184.816   27.22  5408.47 
   82  1363.98   1.24      741      227.094   23.82  5471.05 
   83  1408.33   1.69     1313   221136.016    0.22  5648.29 
   84  1434.66   0.67      440       87.327   46.32  5753.48 
 M 85  1448.16   1.74      812     2497.556    2.16  5807.43 
 m 86  1453.72   1.74      661      447.006    6.26  5829.65 
 m 87  1457.96   1.75      408     5049.961    1.42  5846.60 
 m 88  1461.17   1.75      166      546.146    4.69  5859.44 
   89  1528.96   3.04      130     4201.086    1.65  6130.30 
   90  1593.09   0.78       52       71.095   21.66  6386.56 
   91  1643.79   1.43       74      113.936   16.79  6589.15 
   92  1765.13   1.92       90      160.663   13.91  7074.02 
