C:\GENIE2K\CAMFILES\Semmler\JP\P4\166mHo24S09.CNF            
22/05/2026 16:33:42   
   70000.00 seconds
   71205.16 seconds
  Pico Energia  Resol.    BG       Counts      1s    Canal
   No.  (keV)   (keV)                          (%)  
    1     1.97   0.69   191691   145527.891    0.53    28.52 
 M  2     7.93   0.62   309222    13486.035    3.59    52.37 
 m  3     9.20   0.63   372257    10970.064    4.26    57.43 
    4    22.15   0.75   256248     7144.063   10.13   109.19 
 M  5    38.27   0.87   420899    20598.426    2.53   173.60 
 m  6    39.45   0.87   458121    34168.469    1.76   178.30 
 M  7    45.94   1.34  1126771   323023.000    0.30   204.23 
 m  8    48.81   1.34   958179  5212967.500    0.05   215.69 
 M  9    53.76   0.73   301933     7669.679    6.28   235.51 
 m 10    55.64   0.74   376160  1151095.750    0.10   243.00 
 m 11    57.21   0.74   316430   310205.688    0.23   249.26 
 M 12    70.82   1.21   561015    27238.100    2.22   303.68 
 m 13    72.83   1.21   633090    59531.195    1.07   311.68 
 m 14    74.94   1.22   545526    83125.180    0.82   320.13 
   15    80.61   0.73   341705  2413185.750    0.07   342.80 
 M 16    84.80   0.96   287514    34085.367    1.50   359.54 
 m 17    87.31   0.96   305787    12413.891    3.43   369.54 
   18    94.70   0.72   283619    26164.344    3.28   399.08 
 M 19   119.06   0.81   328993    30958.279    1.51   496.41 
 m 20   121.29   0.81   339369    54412.137    0.96   505.32 
 m 21   123.08   0.81   348085    38563.844    1.29   512.50 
   22   135.28   0.85   510654    22525.063    5.19   561.22 
   23   140.71   0.84   506904     6317.219   18.33   582.96 
 M 24   160.08   0.82   294221    14340.108    3.28   660.33 
 m 25   161.77   0.82   320383    18589.297    2.67   667.09 
   26   174.45   0.72   261836     2200.703   35.04   717.76 
   27   184.42   0.86   343439 10651512.000    0.03   757.61 
   28   190.75   0.82   283895    30927.969    2.92   782.89 
   29   215.91   0.92   269294   390692.813    0.28   883.42 
 M 30   231.37   1.14   252506    30453.744    1.42   945.21 
 m 31   233.35   1.14   231739    23303.922    1.76   953.12 
 M 32   238.67   0.82   161996     3168.748   10.20   974.37 
 m 33   240.03   0.83   177049     4313.354    7.64   979.83 
 m 34   241.85   0.83   175057     1716.120   17.83   987.10 
 m 35   244.81   0.83   172400     2649.157   11.72   998.93 
 m 36   247.87   0.83   169284     4293.048    7.70  1011.16 
   37   259.75   0.92   198112   117079.297    0.70  1058.60 
   38   264.99   0.94   180462    16828.969    4.17  1079.55 
   39   280.48   0.96   225670  2982700.750    0.06  1141.47 
 M 40   300.77   0.93   152165   349961.281    0.20  1222.53 
 m 41   304.80   0.94   138366     2321.963   12.28  1238.65 
   42   329.46   1.32   175245     9198.875    7.96  1337.16 
 M 43   339.81   0.93   139859    12851.206    2.55  1378.55 
 m 44   344.35   0.93   126725     7264.358    4.02  1396.69 
   45   351.97   0.73   146190     1307.391   48.65  1427.13 
 M 46   361.00   0.98   128817     4714.017    5.78  1463.22 
 m 47   365.78   0.98   127731   189929.438    0.29  1482.32 
   48   410.99   1.03   161137   789362.625    0.15  1662.96 
   49   444.28   1.29    96169     1670.141   28.78  1796.01 
   50   451.57   1.07   160611   189134.734    0.45  1825.14 
   51   464.86   1.09   174906    93802.266    0.88  1878.24 
   52   476.31   1.01   113172     1610.172   33.19  1923.98 
   53   485.16   1.02   133904     3266.953   18.69  1959.35 
   54   496.93   1.09   138282     7695.328    8.11  2006.38 
   55   510.95   1.88   195893     4349.281   18.77  2062.41 
   56   521.07   1.06   197063    10744.047    7.80  2102.83 
   57   529.88   1.13   171987   518539.438    0.20  2138.05 
   58   571.08   1.17   147022   281398.063    0.32  2302.69 
 M 59   578.65   1.22   102466     1923.247   14.02  2332.94 
 m 60   583.24   1.22   116266     2913.355    9.85  2351.25 
   61   594.53   1.26   129466    30657.492    2.19  2396.40 
 M 62   611.67   1.25   104120    69721.945    0.55  2464.89 
 m 63   616.01   1.25    91172     7099.918    3.38  2482.23 
 M 64   636.11   1.27    51214      732.963   21.19  2562.54 
 m 65   640.12   1.27    63274     4080.158    4.06  2578.55 
 m 66   644.72   1.27    58600     7063.687    2.65  2596.92 
   67   670.61   1.24    54197   238545.031    0.28  2700.40 
   68   691.35   1.24    40388    60254.063    0.75  2783.27 
 M 69   705.49   1.26    24246      741.717   17.64  2839.79 
 m 70   711.80   1.27    27917  2291032.250    0.07  2865.00 
   71   723.44   1.27    16292     4180.576    5.30  2911.48 
 M 72   732.00   1.48    19137      734.141   14.73  2945.71 
 m 73   736.76   1.48    20945    15514.495    1.11  2964.72 
 M 74   752.39   1.29    14358   487483.969    0.14  3027.19 
 m 75   755.65   1.29    12715     3587.898    2.95  3040.20 
 m 76   760.61   1.29    13352     7450.043    1.66  3060.02 
   77   767.59   1.95    14759     2015.320   11.30  3087.90 
   78   778.95   1.33    15818   120004.930    0.35  3133.30 
 M 79   785.94   1.10    10129      616.682   12.98  3161.24 
 m 80   792.35   1.10    10271     2919.342    3.64  3186.85 
   81   801.27   1.78    14260     1871.798   12.17  3222.50 
   82   810.41   1.33    16171  2159452.500    0.07  3259.04 
   83   830.71   1.34    10633   353285.219    0.18  3340.15 
 M 84   851.56   1.95     7124     1176.291    6.57  3423.47 
 m 85   855.15   1.95     9755     2631.295    3.18  3437.82 
 m 86   859.20   1.96     9291     8606.823    1.31  3453.98 
 M 87   866.31   1.35     5799     1620.507    4.29  3482.40 
 m 88   873.33   1.35     5776     2279.303    3.28  3510.46 
 m 89   875.80   1.36     5743    26159.914    0.67  3520.32 
 m 90   879.52   1.36     5704     1228.842    5.42  3535.18 
 M 91   891.00   1.36     5307     2920.621    2.67  3581.08 
 m 92   896.23   1.36     4918    15095.024    0.90  3601.97 
   93   911.35   1.35     4950     3162.916    4.54  3662.39 
   94   927.66   1.34     3170      654.304   14.51  3727.57 
   95   936.84   1.32     4932     2987.402    4.69  3764.22 
   96   951.15   1.43     6098    90372.617    0.37  3821.42 
 M 97   964.41   1.56     4701     2036.033    3.41  3874.40 
 m 98   969.08   1.56     4623     2036.728    3.40  3893.07 
 M 99   992.29   1.58     4119     2067.355    3.37  3985.82 
 m100   994.91   1.59     4482    14457.871    0.91  3996.26 
 M101  1004.95   1.42     3538     2904.125    2.53  4036.39 
 m102  1010.49   1.42     3740     2480.134    2.77  4058.52 
 m103  1015.15   1.42     3565     2151.110    3.06  4077.14 
  104  1032.61   1.15     3823      466.138   25.26  4146.94 
  105  1086.06   1.32     2757      850.401   11.67  4360.51 
  106  1111.48   1.86     3304     3617.374    3.59  4462.07 
  107  1120.56   1.56     3056     6843.398    2.04  4498.38 
  108  1135.62   1.12     2449      766.876   12.41  4558.56 
  109  1147.09   1.51     2713     5647.348    2.25  4604.37 
  110  1213.25   0.80     1972      141.833   60.24  4868.76 
  111  1221.43   1.74     1670      494.449   15.86  4901.43 
  112  1241.81   1.55     2980    22915.463    0.82  4982.88 
 M113  1274.74   1.64     1553     5032.967    1.53  5114.45 
 m114  1282.35   1.65     1475     5178.547    1.50  5144.86 
  115  1378.03   1.39      955      204.710   30.13  5527.20 
 M116  1401.16   1.67      706    11853.087    0.92  5619.62 
 m117  1408.33   1.68      628     1834.247    2.54  5648.27 
  118  1427.64   1.78      901    11444.585    1.08  5725.45 
  119  1461.19   1.79      772     3846.057    2.24  5859.50 
  120  1490.86   1.26      378      168.815   21.04  5978.06 
  121  1509.41   0.84      456      162.874   25.45  6052.20 
  122  1522.33   1.63      612     5287.326    1.70  6103.81 
  123  1562.90   1.69      439     1126.901    4.86  6265.95 
 M124  1588.62   1.52      490      305.301    8.17  6368.71 
 m125  1593.04   1.53      459      491.915    5.76  6386.39 
 m126  1596.87   1.53      410      152.195   12.94  6401.70 
  127  1621.16   1.09      255      187.835   16.46  6498.75 
  128  1631.05   1.31      247      236.567   13.64  6538.24 
  129  1730.06   0.84      238      226.097   14.42  6933.88 
  130  1765.03   1.79      361     1319.452    4.06  7073.64 
  131  1848.00   0.78      281      203.688   18.14  7405.19 
