C:\GENIE2K\CAMFILES\Semmler\JP\P4\22Na22S09.CNF              
16/06/2026 15:07:10   
   13901.84 seconds
   13928.55 seconds
  Pico Energia  Resol.    BG       Counts      1s    Canal
   No.  (keV)   (keV)                          (%)  
 M  1    72.75   0.72     2717      315.191   15.14   311.39 
 m  2    75.01   0.72     3186      504.676   10.80   320.41 
    3   238.64   0.85     7445      320.590   55.77   974.25 
    4   352.02   0.84     2118      360.183   21.89  1427.33 
    5   463.07   0.66      746       96.088   47.33  1871.09 
    6   511.04   2.37     7149    62287.902    0.47  2062.76 
    7   583.21   1.12      776      485.352   11.48  2351.16 
    8   609.41   1.27      688      502.017   10.60  2455.83 
    9   727.50   0.85      319       86.722   32.80  2927.71 
   10   911.39   1.33      591      605.291    8.78  3662.53 
   11   969.10   1.33      493      225.346   17.67  3893.15 
   12  1120.47   1.54      421      254.197   17.11  4498.01 
   13  1274.78   1.58      205    17400.137    0.78  5114.61 
   14  1377.74   1.28       69       73.152   22.99  5526.04 
   15  1461.10   1.45       85      700.841    4.64  5859.14 
 M 16  1588.42   1.47       74       65.754   16.53  6367.91 
 m 17  1592.81   1.48       86      114.978   11.61  6385.47 
   18  1764.89   1.94       41      248.884    8.07  7073.10 
