C:\GENIE2K\CAMFILES\Semmler\JP\P4\60Co144S15.CNF             
20/05/2026 12:35:38   
   16028.62 seconds
   16056.85 seconds
  Pico Energia  Resol.    BG       Counts      1s    Canal
   No.  (keV)   (keV)                          (%)  
 M  1    72.75   0.68     2849      369.476   12.42   311.36 
 m  2    74.99   0.69     3003      648.719    8.28   320.33 
    3    84.88   0.59     3622      350.558   26.40   359.83 
    4   238.72   0.74     2965      779.507   11.89   974.59 
    5   351.95   0.87     2155      432.631   19.59  1427.04 
    6   511.00   1.64     1694     1070.257    7.70  2062.59 
    7   583.15   0.91     1213      605.821   10.95  2350.91 
    8   609.32   1.26      865      584.396    9.15  2455.47 
    9   727.44   1.14      999      202.248   28.01  2927.48 
   10   860.72   0.87      859      103.100   46.15  3460.04 
   11   911.29   1.44     1415      620.509   11.47  3662.14 
   12   968.98   0.86     1162      331.601   18.38  3892.68 
   13  1120.62   1.29      995      244.054   25.03  4498.60 
   14  1173.39   1.56      702    26946.371    0.64  4709.48 
   15  1238.21   1.61      192      137.548   20.41  4968.51 
   16  1332.70   1.66      198    24130.430    0.66  5346.07 
   17  1461.09   1.75      138      890.627    4.34  5859.10 
 M 18  1588.43   1.66       66      107.856   11.83  6367.96 
 m 19  1592.77   1.67       99      105.454   12.22  6385.29 
   20  1764.87   1.68       77      274.693    8.57  7073.02 
