C:\GENIE2K\CAMFILES\Semmler\JP\P1\133Ba146S15C.CNF           
20/02/2026 08:13:26   
   10000.00 seconds
   10192.86 seconds
  Pico Energia  Resol.    BG       Counts      1s    Canal
   No.  (keV)   (keV)                          (%)  
 M  1    19.91   0.77    62765    23041.217    1.11   100.22 
 m  2    21.03   0.78    56457   120711.086    0.35   104.71 
    3    25.13   0.52    77292     7153.922    6.05   121.07 
 M  4    28.84   0.81   142805   251378.266    0.23   135.93 
 m  5    30.89   0.81   173171  4055378.000    0.05   144.12 
    6    35.00   0.74   113916   964734.563    0.12   160.51 
    7    53.20   0.70    90204    90770.352    0.74   233.24 
    8    61.76   0.92    72672    61152.102    0.79   267.45 
    9    65.87   0.98    97141    41387.164    1.29   283.89 
 M 10    70.04   0.75    59251     2548.759    8.08   300.55 
 m 11    71.09   0.76    68894     4568.131    5.00   304.74 
   12    74.95   0.69    48237     1732.375   18.71   320.17 
 M 13    79.65   0.71    48813   108876.055    0.35   338.96 
 m 14    81.04   0.71    33995  1502711.750    0.08   344.48 
 m 15    84.11   0.72    26781     4761.719    2.93   356.77 
   16   102.09   0.64    36941     1997.883   15.78   428.60 
 M 17   110.42   0.88    35607     9110.540    1.87   461.89 
 m 18   111.86   0.88    31725    59142.711    0.50   467.66 
   19   115.97   0.78    34357    14969.645    2.17   484.07 
   20   134.18   0.84    24272     1383.582   16.70   556.86 
   21   160.61   0.85    41740    24716.156    1.46   662.46 
   22   223.22   0.86    24174    11041.549    2.48   912.65 
   23   254.00   0.84    12025      957.779   18.86  1035.65 
   24   276.36   0.91    10170   140837.922    0.29  1125.01 
 M 25   302.82   0.94     5433   336627.375    0.17  1230.71 
 m 26   307.17   0.95     4545    10988.662    1.08  1248.11 
 m 27   311.36   0.95     4473     2429.020    2.99  1264.84 
   28   323.71   1.09     5551     1035.243   12.86  1314.21 
 M 29   331.46   1.13     5160     2146.373    3.40  1345.18 
 m 30   333.64   1.14     5131    26308.324    0.66  1353.86 
 m 31   337.87   1.14     4579     6381.981    1.52  1370.77 
 M 32   351.92   0.98     3646      544.545    9.79  1426.93 
 m 33   355.97   0.99     4142  1002798.688    0.10  1443.10 
   34   364.55   0.78     2791      362.271   23.69  1477.38 
   35   376.91   1.07     4000     2037.297    5.92  1526.77 
 M 36   383.82   1.09     3437   149887.891    0.26  1554.38 
 m 37   386.78   1.09     1966    59757.945    0.41  1566.23 
 m 38   391.00   1.09     1420    13396.438    0.89  1583.09 
   39   404.73   0.86     1113      229.373   23.97  1637.94 
 M 40   414.61   1.14     2451     7217.441    1.32  1677.45 
 m 41   418.62   1.15     2351     1703.853    3.26  1693.46 
 m 42   421.89   1.15     2306      350.812   11.65  1706.52 
   43   436.94   1.06     1345    27267.383    0.65  1766.66 
 M 44   467.76   1.05      625      799.050    4.62  1889.83 
 m 45   471.98   1.05      465      148.500   14.39  1906.70 
   46   510.70   1.68      493      701.186    6.94  2061.41 
   47   583.11   1.20      347      463.788    8.87  2350.75 
   48   609.28   1.15      239      345.777    9.19  2455.30 
   49   727.60   1.39      210      141.511   20.69  2928.13 
   50   911.16   1.30      169      400.740    7.78  3661.63 
 M 51   964.82   1.48      111       82.195   15.89  3876.03 
 m 52   968.91   1.48      121      250.614    7.25  3892.37 
   53  1120.31   1.26       98      165.278   14.07  4497.35 
   54  1460.90   1.62       65      577.629    5.04  5858.34 
 M 55  1588.31   1.44       55       54.012   18.01  6367.46 
 m 56  1592.45   1.44       58       58.802   17.16  6384.01 
   57  1764.33   1.68       57      187.600   10.52  7070.83 
