C:\GENIE2K\CAMFILES\Semmler\JP\P1\152Eu52024.CNF             
20/02/2026 11:27:36   
    6702.66 seconds
    7655.19 seconds
  Pico Energia  Resol.    BG       Counts      1s    Canal
   No.  (keV)   (keV)                          (%)  
 M  1     6.34   0.88   271173    41285.742    1.31    45.99 
 m  2     7.36   0.89   276350    26915.166    1.76    50.07 
    3    22.15   0.70   178383    14320.219    4.51   109.18 
    4    25.08   0.65   196510     1506.844   44.43   120.88 
    5    30.20   1.16   262744   259346.500    0.36   141.35 
    6    36.12   1.80   807544   421621.625    0.36   165.02 
 M  7    39.98   0.94   752783 15856574.000    0.03   180.41 
 m  8    42.79   0.95   495318   222158.000    0.31   191.66 
 m  9    45.45   0.95   364323  3155223.500    0.06   202.29 
 m 10    46.69   0.96   252659   766665.438    0.16   207.23 
 m 11    48.72   0.96   218800    48435.160    0.89   215.33 
 m 12    50.11   0.97   179959    12534.588    2.99   220.92 
 M 13    72.81   0.69   151024     4458.965    6.71   311.61 
 m 14    75.04   0.69   161297    14656.199    2.57   320.53 
   15    79.91   1.34   205022   197259.000    0.43   340.00 
 M 16    85.27   1.16   244178    87899.016    0.74   361.42 
 m 17    86.69   1.16   274917    11148.413    4.45   367.08 
 M 18    90.70   1.17   306746    15339.343    3.54   383.10 
 m 19    92.03   1.17   313311     8709.348    5.54   388.43 
   20   111.94   0.75   183735     6000.250   11.39   467.97 
   21   121.79   0.80   196255  7126311.500    0.04   507.34 
 M 22   147.98   1.07   198160     7430.146    5.07   611.98 
 m 23   151.78   1.07   201289     5852.635    6.23   627.16 
   24   161.72   1.15   209377   327103.500    0.29   666.91 
 M 25   167.14   0.85   148645    65057.672    0.67   688.56 
 m 26   168.35   0.86   147883    17164.051    1.90   693.37 
   27   212.50   0.74   108149     2406.641   21.21   869.82 
   28   244.68   0.93   121549  1052806.250    0.11   998.41 
   29   251.57   0.92   114943     9522.656    6.13  1025.94 
 M 30   271.05   0.99    91578     9967.663    2.78  1103.76 
 m 31   275.24   0.99    89513     5143.908    4.70  1120.50 
   32   284.60   1.22   106838    64523.727    0.96  1157.90 
   33   290.00   1.06    85429    16651.227    3.02  1179.50 
   34   295.92   0.94    92341    51041.227    1.12  1203.13 
   35   315.14   1.03    69484     5976.484    7.28  1279.96 
 M 36   324.77   1.04    56610     9504.753    2.43  1318.44 
 m 37   329.35   1.04    66107    13226.827    1.89  1336.72 
 M 38   335.83   0.98    66461     2008.969    9.92  1362.62 
 m 39   340.48   0.99    66761     2534.992    7.91  1381.20 
 m 40   344.23   0.99    71684  2947014.000    0.06  1396.21 
   41   351.64   0.45    60754      909.621   41.99  1425.81 
 M 42   366.41   1.01    68000    33545.391    0.87  1484.81 
 m 43   367.74   1.01    68312    83594.281    0.47  1490.13 
 M 44   383.98   1.26    81657     9623.880    2.64  1555.04 
 m 45   385.97   1.26    78686     2897.912    7.15  1563.00 
 m 46   389.67   1.27    73840     1908.221   10.62  1577.77 
 M 47   406.39   1.04    53340     1408.819   12.81  1644.57 
 m 48   411.06   1.04    57630   197122.188    0.25  1663.25 
 m 49   415.96   1.05    57836     8140.425    2.48  1682.82 
   50   443.90   1.10    76089   239801.938    0.29  1794.47 
   51   465.93   1.19    50705     3619.973   10.23  1882.49 
 M 52   483.78   1.19    59139    12460.717    1.77  1953.83 
 m 53   488.66   1.19    62325    30510.781    0.89  1973.34 
 m 54   493.57   1.19    57753     2690.023    7.09  1992.94 
   55   503.39   1.14    65457    10451.293    4.44  2032.20 
   56   511.03   1.78    73845     3900.555   12.91  2062.74 
   57   520.10   1.08    62155     3609.668   12.09  2098.97 
   58   534.10   1.21    67873     2698.141   17.20  2154.90 
 M 59   563.94   1.25    67738    31282.043    0.90  2274.13 
 m 60   566.15   1.25    67956    11629.621    1.93  2282.99 
   61   586.20   1.17    69894    27770.336    1.79  2363.10 
   62   656.38   1.24    64496     7620.629    6.23  2643.53 
 M 63   671.00   1.23    46221     1094.173   15.88  2701.93 
 m 64   674.63   1.23    52313     9063.228    2.17  2716.47 
 m 65   678.55   1.23    51560    25415.084    1.00  2732.10 
   66   688.60   1.26    65374    45456.902    1.15  2772.28 
   67   712.61   1.60    67320     6713.508    7.34  2868.23 
   68   719.29   1.31    50235    15795.809    2.54  2894.90 
   69   728.24   1.53    51345     3180.777   12.23  2930.70 
   70   755.31   1.20    79114     4735.688   11.60  3038.85 
 M 71   764.85   1.23    45586     9878.300    2.22  3076.95 
 m 72   768.86   1.23    50463     4647.285    3.98  3092.99 
   73   778.82   1.32    69270   640630.250    0.15  3132.78 
   74   810.37   1.28    61754    16374.645    2.95  3258.88 
 M 75   818.59   1.36    54485     1598.037   12.14  3291.72 
 m 76   821.64   1.36    48042      773.627   22.73  3303.90 
   77   841.55   1.40    67675     8737.117    5.96  3383.47 
   78   867.30   1.38    72389   165294.203    0.40  3486.37 
 M 79   897.13   1.38    49144     3274.021    5.35  3605.56 
 m 80   901.03   1.39    47484     4987.375    3.55  3621.12 
 m 81   907.13   1.39    45064     9636.905    1.96  3645.50 
 m 82   912.69   1.39    45401     1453.930   10.62  3667.74 
 m 83   919.28   1.40    40680    15392.087    1.32  3694.06 
 m 84   926.20   1.40    40364     9475.355    1.91  3721.70 
 m 85   930.50   1.40    38851     4065.988    3.93  3738.88 
 M 86   958.80   1.44    32858     1688.082    8.34  3851.98 
 m 87   963.97   1.44    34366   552660.625    0.14  3872.65 
   88   974.56   0.38    18834      593.057   35.98  3914.95 
   89   989.15   1.66    30040     6031.793    5.45  3973.27 
 M 90  1004.37   2.21    39106    57561.051    0.47  4034.09 
 m 91  1009.53   2.22    39735     9366.295    1.76  4054.69 
   92  1022.80   0.48    17347      727.066   30.31  4107.72 
   93  1044.81   1.49    22599      992.258   27.53  4195.67 
 M 94  1085.76   1.51    25435   383870.719    0.16  4359.31 
 m 95  1089.66   1.51    26632    65125.805    0.44  4374.90 
   96  1112.00   1.52    43576   464141.469    0.17  4464.17 
 M 97  1123.07   1.68    35282    16956.977    1.13  4508.39 
 m 98  1125.67   1.68    33231    17700.088    1.08  4518.80 
 m 99  1131.16   1.68    32460     4214.004    3.48  4540.74 
 M100  1151.88   1.68    38214    27797.820    0.81  4623.51 
 m101  1157.51   1.68    35754     6073.587    2.57  4646.03 
  102  1171.06   1.20    33930     1806.457   19.90  4700.16 
  103  1212.85   1.54    24518    42240.523    0.90  4867.17 
  104  1233.75   1.63    19929    11232.121    2.69  4950.67 
 M105  1249.85   1.71    15416     7193.190    1.76  5014.99 
 m106  1252.80   1.71    15336     3012.299    3.42  5026.79 
  107  1261.43   0.88    11278      628.424   30.76  5061.29 
  108  1274.15   1.95    11690     1375.803   15.72  5112.09 
 M109  1292.66   1.59     8410     2641.653    3.39  5186.06 
 m110  1299.07   1.59     8022    50101.473    0.47  5211.71 
  111  1334.64   1.68     4278      920.812   13.93  5353.83 
  112  1348.08   1.44     3272      583.635   19.45  5407.52 
  113  1363.74   1.62     3123      733.458   15.69  5470.12 
  114  1407.97   1.69     6959   568517.063    0.14  5646.84 
  115  1433.99   1.38     5003     1065.072   12.58  5750.83 
 M116  1447.82   1.78     8118    34057.586    0.57  5806.08 
 m117  1453.50   1.78     5093     7185.942    1.37  5828.78 
 m118  1457.58   1.78     3668    13969.043    0.90  5845.10 
 M119  1487.34   1.81     1722      356.242   10.39  5964.01 
 m120  1493.53   1.82     1910      262.424   13.14  5988.72 
 m121  1497.40   1.82     1870      864.140    5.11  6004.21 
  122  1529.63   2.14     1222    27370.580    0.66  6133.00 
 M123  1569.29   2.34      551     1312.618    2.94  6291.47 
 m124  1574.79   2.34      475      300.477    7.27  6313.44 
 m125  1579.34   2.34      362      549.146    4.72  6331.63 
 M126  1605.50   1.78      187      316.432    6.62  6436.16 
 m127  1608.53   1.78      205      179.549    9.57  6448.27 
 M128  1643.34   1.84      176     1502.062    2.64  6587.38 
 m129  1649.67   1.84      198      409.272    5.47  6612.66 
  130  1752.21   1.14       97      192.250   12.44  7022.40 
 M131  1764.44   1.85       88      138.228   10.02  7071.26 
 m132  1769.17   1.86       92      228.216    7.34  7090.18 
