C:\GENIE2K\CAMFILES\Semmler\JP\P1\166mHo24S09.CNF            
23/02/2026 11:59:54   
    9312.16 seconds
    9876.02 seconds
  Pico Energia  Resol.    BG       Counts      1s    Canal
   No.  (keV)   (keV)                          (%)  
    1     2.25   0.87    74998    64341.477    0.78    29.67 
 M  2     7.96   0.70   153839    10139.163    3.46    52.48 
 m  3     9.20   0.71   161785     7141.946    4.53    57.41 
    4    22.08   0.87   114594     3903.305   12.41   108.92 
 M  5    38.29   0.80   191324    11291.144    3.01   173.67 
 m  6    39.44   0.80   191367    19077.814    2.09   178.28 
 M  7    43.60   1.38   355257   147367.797    0.41   194.88 
 m  8    45.83   1.35   374206   138531.891    0.42   203.82 
 m  9    48.80   1.36   342375  3008360.750    0.06   215.68 
 M 10    53.95   0.76   160614     8913.951    3.69   236.25 
 m 11    55.66   0.76   162080   659053.813    0.13   243.08 
 m 12    57.22   0.76   143565   178957.578    0.29   249.33 
 M 13    69.26   1.13   235713     4819.553    8.20   297.43 
 m 14    70.79   1.13   267598     9440.463    4.20   303.53 
 m 15    72.81   1.13   260571    14009.998    2.82   311.62 
 m 16    74.99   1.14   219702    22061.682    1.94   320.32 
   17    80.63   0.74   157403  1324567.875    0.10   342.85 
   18    84.85   0.88   123340     7195.383    7.63   359.74 
 M 19    94.70   1.07   137178    18526.361    1.87   399.08 
 m 20    97.71   1.08   145049    12851.087    2.49   411.11 
   21   104.95   1.01   109645     3880.531   12.95   440.03 
 M 22   119.06   0.94   190390    21336.871    1.67   496.42 
 m 23   121.29   0.94   183291    37711.555    1.05   505.34 
 m 24   123.06   0.94   206408    27486.191    1.39   512.40 
   25   129.72   1.50   276064    12258.375    7.64   539.04 
   26   135.23   0.78   225759    11737.828    6.78   561.05 
   27   140.69   0.76   169336     4060.688   15.73   582.85 
 M 28   160.04   0.78   111287     7268.368    4.03   660.20 
 m 29   161.75   0.79   121388     9193.465    3.33   667.02 
   30   170.27   0.84    91365     1199.367   35.90   701.04 
   31   174.50   0.68   146594     2118.609   29.42   717.94 
   32   184.39   0.88   157531  5529086.500    0.04   757.48 
   33   190.70   0.88   111616    15576.984    3.49   782.71 
   34   215.87   0.90   125966   200862.234    0.37   883.26 
 M 35   231.52   1.34   126085    18231.625    1.82   945.79 
 m 36   233.27   1.35   148460    60518.012    0.70   952.79 
 M 37   239.97   0.94   102844    13235.019    2.23   979.58 
 m 38   241.58   0.94    94370     2887.083    8.06   986.01 
 m 39   244.82   0.94    93381      988.324   22.88   998.95 
 m 40   247.98   0.95   100149     2072.167   11.31  1011.58 
   41   259.70   0.92    99800    58720.023    0.98  1058.41 
   42   264.95   0.95   109666    47193.336    1.30  1079.40 
   43   280.43   0.93   104537  1465586.250    0.09  1141.27 
   44   300.71   0.95    99154   167427.281    0.41  1222.31 
   45   329.34   1.59    92642    26936.945    2.09  1336.71 
 M 46   335.96   0.99    69045     4889.449    4.45  1363.16 
 m 47   339.78   0.99    68927     6761.136    3.37  1378.43 
 m 48   344.26   0.99    68791     4137.195    5.16  1396.31 
   49   349.56   1.38    89727     2189.266   24.31  1417.50 
 M 50   360.95   0.98    59765    11362.820    1.92  1463.02 
 m 51   365.70   0.98    59178    90575.805    0.42  1481.99 
   52   381.19   0.66    42632      902.785   33.61  1543.87 
   53   410.89   1.07    87463   377335.750    0.22  1662.57 
   54   443.98   0.90    45614      734.684   43.88  1794.79 
   55   451.47   1.08    87801    89102.469    0.70  1824.74 
 M 56   459.77   1.07    65069     5738.217    3.55  1857.87 
 m 57   464.77   1.08    66537    82712.063    0.45  1877.88 
   58   485.07   1.06    79154     5373.930    9.18  1958.98 
 M 59   491.27   0.99    60111     2273.400    9.28  1983.76 
 m 60   496.89   1.00    67668     2825.220    7.94  2006.20 
   61   520.88   1.50    83051     4533.242   11.12  2102.08 
   62   529.75   1.16    85816   249564.063    0.29  2137.54 
   63   550.05   1.24    73021     3269.750   14.74  2218.65 
   64   570.93   1.16    80521   134580.469    0.48  2302.06 
   65   578.66   1.35    64280     4348.027   10.22  2332.95 
   66   594.73   1.83    75780    23756.109    2.23  2397.18 
 M 67   611.50   1.32    65342    35038.656    0.81  2464.19 
 m 68   615.87   1.32    54440     3784.080    4.76  2481.65 
 m 69   619.79   1.33    52761     2347.030    7.36  2497.33 
 M 70   635.83   1.10    32942     2481.498    6.09  2561.41 
 m 71   639.87   1.10    33581     1938.238    7.29  2577.57 
 m 72   644.46   1.10    29610     2965.156    4.87  2595.88 
 m 73   646.08   1.10    31036     2535.221    5.52  2602.38 
 m 74   651.55   1.11    27104     1200.626   10.95  2624.23 
   75   670.43   1.25    34044   114337.930    0.43  2699.68 
   76   691.19   1.26    25649    34555.609    1.02  2782.62 
   77   711.62   1.27    35455  1131337.500    0.10  2864.26 
 M 78   719.28   1.13    14917     1487.329    7.19  2894.89 
 m 79   723.22   1.13    15334     1815.637    6.09  2910.64 
 M 80   731.83   1.38    13620     1575.467    6.58  2945.02 
 m 81   736.55   1.38    17387     6935.197    1.98  2963.87 
 M 82   752.19   1.31    13371   241443.094    0.21  3026.39 
 m 83   755.34   1.31    12716     6192.445    1.87  3038.99 
 m 84   760.40   1.32    13298    17964.873    0.89  3059.19 
   85   767.19   1.41    14535     4882.455    4.91  3086.31 
   86   778.73   1.32    15310    60158.609    0.57  3132.43 
 M 87   792.16   1.42    11461     8709.959    1.46  3186.10 
 m 88   795.77   1.43    11280     1250.850    6.71  3200.54 
 m 89   800.88   1.43    10515     4005.876    2.56  3220.95 
   90   810.21   1.33    14739  1074427.750    0.10  3258.21 
   91   830.49   1.35    14229   169574.063    0.28  3339.28 
 M 92   851.43   1.77     8216     2529.361    3.72  3422.96 
 m 93   854.81   1.77    11799     5065.508    2.06  3436.44 
 m 94   858.95   1.78    10654    19408.789    0.81  3452.98 
 m 95   865.96   1.78     9813     4216.328    2.29  3481.01 
 M 96   873.08   1.38     6905     1360.839    5.42  3509.44 
 m 97   875.57   1.38     6716    14454.487    0.95  3519.42 
 m 98   879.28   1.39     6458     3401.073    2.45  3534.23 
 m 99   886.05   1.39     6249      792.535    8.04  3561.27 
 m100   890.78   1.39     6062     7851.108    1.36  3580.17 
 m101   895.99   1.40     5918    33767.418    0.57  3601.01 
  102   911.04   1.34     4964     1317.532   10.03  3661.14 
  103   927.42   1.34     4611     1288.542    9.56  3726.58 
  104   936.57   1.39     5363     6907.033    2.31  3763.15 
  105   950.89   1.43     6023    47083.727    0.57  3820.39 
 M106   964.06   1.54     3987      880.948    7.06  3873.01 
 m107   968.53   1.54     4662      694.095    8.32  3890.86 
  108   976.57   0.87     3784      298.945   37.57  3923.00 
 M109   992.05   1.47     4060     3869.725    2.13  3984.86 
 m110   994.59   1.47     3932    32313.709    0.58  3995.01 
 m111   999.70   1.48     3977      669.190    7.74  4015.43 
 m112  1004.64   1.48     3940     1758.787    3.55  4035.17 
 m113  1010.22   1.48     3897     1273.907    4.58  4057.44 
 m114  1014.88   1.48     3658     4802.742    1.76  4076.08 
  115  1032.43   1.45     4017     1265.867   10.27  4146.22 
  116  1085.77   1.37     2060      370.292   21.44  4359.33 
  117  1110.93   1.61     2620     6155.661    2.08  4459.90 
  118  1120.33   1.47     2686     2862.792    4.13  4497.45 
  119  1135.30   1.41     2050     1817.004    5.30  4557.29 
  120  1146.75   1.55     2391     2607.787    4.28  4603.03 
  121  1221.15   1.60     1815      816.365   11.01  4900.34 
  122  1241.43   1.59     2142    15909.539    1.00  4981.35 
  123  1261.86   1.11     1365      326.439   21.93  5063.00 
 M124  1274.34   1.61     1445     2680.047    2.22  5112.88 
 m125  1282.02   1.62     1526     3408.431    1.93  5143.56 
 M126  1400.78   1.69      636     5699.207    1.35  5618.13 
 m127  1407.96   1.70      540      818.939    4.14  5646.82 
  128  1427.22   1.81      553     5873.029    1.56  5723.77 
  129  1449.28   1.42      371      138.544   27.02  5811.90 
  130  1460.69   1.70      387      445.547   10.04  5857.50 
  131  1476.03   2.04      280      213.846   16.66  5918.80 
  132  1490.40   1.34      294      405.858    9.37  5976.23 
  133  1521.90   1.72      262    10637.492    1.02  6102.11 
 M134  1562.48   1.71      150     2215.494    2.14  6264.26 
 m135  1570.65   1.71      153      144.433   10.67  6296.92 
 M136  1585.22   2.04       96      205.297    7.74  6355.12 
 m137  1592.53   2.04      105       94.813   12.56  6384.35 
 m138  1596.44   2.05      101      154.046    9.11  6399.97 
 m139  1602.42   2.05       86       97.398   12.40  6423.87 
  140  1611.63   1.60       93      210.676   11.24  6460.67 
  141  1620.73   0.46       63       73.719   23.02  6497.01 
  142  1706.31   1.86       53      305.318    7.41  6838.98 
  143  1746.89   0.80       35       64.620   20.00  7001.17 
  144  1764.60   1.33       44      190.754    9.84  7071.92 
