C:\GENIE2K\CAMFILES\Semmler\JP\P2\133Ba146S15.CNF            
02/03/2026 14:22:10   
   10001.21 seconds
   10120.75 seconds
  Pico Energia  Resol.    BG       Counts      1s    Canal
   No.  (keV)   (keV)                          (%)  
    1     9.89   0.48    32791      921.063   28.93    60.20 
 M  2    19.87   0.79    43509    14466.823    1.44   100.06 
 m  3    21.04   0.80    44726    68695.125    0.48   104.75 
    4    25.14   0.59    53556     3720.984    9.57   121.11 
 M  5    29.02   0.82   114896   172501.578    0.28   136.63 
 m  6    30.90   0.82   120274  2350813.000    0.07   144.16 
    7    35.01   0.75    76850   554835.313    0.16   160.55 
    8    53.20   0.71    26153    55332.156    0.62   233.26 
    9    61.78   0.91    38776    18442.578    1.81   267.53 
   10    65.89   0.88    58901    11425.496    3.51   283.96 
 M 11    70.08   0.81    42481     1350.750   13.49   300.70 
 m 12    71.15   0.81    49770     2857.769    6.80   304.99 
 m 13    72.87   0.81    47606     1646.443   10.01   311.85 
 m 14    74.98   0.82    39349     1922.931    8.31   320.29 
 M 15    79.66   0.72    30532    65223.574    0.46   339.00 
 m 16    81.05   0.72    20894   877610.563    0.11   344.53 
 m 17    84.28   0.73    14223     2193.774    4.76   357.46 
   18   111.90   0.87    24154    19516.012    1.48   467.81 
   19   116.00   0.86    21231     4878.934    5.05   484.22 
   20   160.63   0.85    29145    14497.705    2.13   662.53 
   21   223.21   0.92    15159     6872.392    3.15   912.61 
   22   238.60   0.36     8205      396.018   34.82   974.10 
   23   276.38   0.92     6424    86103.156    0.38  1125.07 
 M 24   302.83   0.95     3399   204903.797    0.22  1230.77 
 m 25   307.19   0.95     2948     3687.502    2.04  1248.20 
 m 26   311.28   0.95     3163      783.355    6.52  1264.51 
 M 27   333.66   1.07     3464     8313.968    1.26  1353.95 
 m 28   337.91   1.08     2742     2097.859    2.94  1370.94 
   29   346.20   0.45     2703      210.786   42.42  1404.07 
 M 30   351.94   0.99     2204      380.866   11.04  1427.01 
 m 31   355.98   0.99     2302   602355.313    0.13  1443.17 
   32   376.84   1.09     1943      693.159   11.88  1526.50 
 M 33   383.82   1.06     1441    86195.133    0.34  1554.41 
 m 34   386.79   1.06     1010    19370.479    0.73  1566.27 
 m 35   391.01   1.07      867     4332.080    1.62  1583.11 
 M 36   414.63   1.10     1104     2268.974    2.45  1677.50 
 m 37   418.85   1.10     1024      394.021    8.11  1694.38 
   38   436.96   1.04      744     9364.997    1.16  1766.73 
   39   467.74   0.91      458      239.268   16.81  1889.73 
   40   510.83   1.83      578      635.019    8.12  2061.90 
   41   583.11   1.15      312      483.139    8.02  2350.76 
   42   609.29   1.01      293      336.444   10.68  2455.35 
   43   911.14   1.30      146      439.919    6.87  3661.54 
   44   968.96   1.36      108      266.498    9.23  3892.60 
   45  1120.30   1.26      105      150.848   15.00  4497.32 
   46  1460.81   1.80       81      501.085    5.67  5857.97 
   47  1592.67   0.79       73       58.989   27.83  6384.91 
   48  1764.67   2.00       26      223.289    8.14  7072.22 
