C:\GENIE2K\CAMFILES\Semmler\JP\P2\137Cs147S15.CNF            
25/02/2026 12:44:58   
    4272.94 seconds
    4294.97 seconds
  Pico Energia  Resol.    BG       Counts      1s    Canal
   No.  (keV)   (keV)                          (%)  
    1     2.14   0.45     4174     4106.535    3.02    29.23 
    2    22.32   0.81     6319     2217.601    5.80   109.87 
    3    32.15   0.82    14046    77766.461    0.43   149.12 
    4    36.40   0.72     7913    16759.039    1.11   166.13 
    5    74.92   0.52     4610      340.751   30.45   320.05 
    6   583.19   1.04      828      233.798   23.15  2351.08 
    7   609.31   0.86      546      157.210   25.96  2455.44 
    8   661.58   1.25      837   270955.375    0.19  2664.33 
    9   726.91   0.58       69       55.128   28.53  2925.38 
   10   911.14   1.08       77      168.095   12.36  3661.53 
 M 11   964.58   1.81       44       58.220   16.78  3875.07 
 m 12   968.93   1.81       46      125.591    9.65  3892.45 
   13  1120.40   1.28       40       75.000   18.62  4497.73 
   14  1460.76   1.28       50      197.000    9.80  5857.80 
