C:\GENIE2K\CAMFILES\Semmler\JP\P2\152Eu52024.CNF             
10/03/2026 14:18:51   
    6765.81 seconds
    7332.13 seconds
  Pico Energia  Resol.    BG       Counts      1s    Canal
   No.  (keV)   (keV)                          (%)  
 M  1     0.34   0.68     3296      386.473    7.93    22.03 
 m  2     1.54   0.71    43631    36501.242    0.68    26.82 
 m  3     2.74   0.73   130346    51292.051    0.75    31.63 
 M  4     6.42   0.92   234278    24359.607    2.09    46.34 
 m  5     7.46   0.93   240766    15540.320    2.86    50.49 
    6    22.18   0.75   156556     9947.875    6.06   109.29 
    7    30.25   1.14   217029   123838.734    0.64   141.54 
    8    36.77   1.91   680540   291678.063    0.49   167.61 
 M  9    40.03   0.98   536253  8696604.000    0.04   180.64 
 m 10    42.78   0.99   329841   126519.938    0.43   191.61 
 m 11    45.51   1.00   234459  1734569.750    0.09   202.52 
 m 12    46.73   1.00   165106   429189.594    0.23   207.42 
 m 13    48.78   1.00   125247    25735.033    1.28   215.57 
 m 14    50.16   1.01   110947     7128.829    4.08   221.11 
 M 15    72.86   0.69    85716     4082.744    5.69   311.83 
 m 16    75.05   0.70    89192     9439.982    2.97   320.57 
   17    79.95   1.33   115103    57187.422    1.03   340.16 
   18    85.24   1.29   128786    27401.000    2.16   361.29 
   19   111.97   0.66   105571     3127.859   16.15   468.10 
   20   121.85   0.85   111877  3994145.500    0.05   507.57 
   21   148.11   0.93    98451     3478.945   14.74   612.49 
 M 22   158.80   1.15   113927     6222.429    4.18   655.22 
 m 23   161.74   1.16   111224   101724.953    0.43   666.97 
   24   167.17   0.88    99785    24748.875    2.21   688.65 
   25   212.61   0.81    71765     1582.680   27.59   870.24 
   26   244.73   0.96    63951   586240.625    0.15   998.60 
   27   251.71   0.96    60163     5826.176    7.27  1026.49 
 M 28   271.11   0.94    44281     5439.424    3.65  1104.03 
 m 29   275.36   0.94    43932     2284.945    7.41  1121.01 
   30   284.64   1.29    55897    20210.660    2.15  1158.09 
   31   290.05   1.05    45606     4310.398    8.36  1179.69 
   32   296.00   1.00    53047    28630.531    1.54  1203.45 
   33   315.32   1.00    43775     2664.660   13.47  1280.68 
 M 34   324.89   1.02    36698     4431.380    3.78  1318.90 
 m 35   329.42   1.03    38803     7042.208    2.62  1337.00 
 M 36   340.50   1.01    34671     2058.357    7.25  1381.28 
 m 37   344.31   1.01    36199  1565308.875    0.08  1396.52 
   38   351.75   1.00    38055      842.613   38.60  1426.26 
   39   367.83   1.08    43649    56180.785    0.78  1490.51 
 M 40   384.05   1.31    38394     2546.762    6.46  1555.31 
 m 41   386.04   1.31    41775     1956.090    7.94  1563.26 
 M 42   411.14   1.07    27461   107126.680    0.34  1663.58 
 m 43   416.03   1.07    29505     4542.977    3.23  1683.09 
   44   443.99   1.10    34887   133504.781    0.37  1794.85 
   45   465.96   1.22    23836      976.225   25.25  1882.61 
 M 46   483.89   1.17    30347     3717.188    3.92  1954.28 
 m 47   488.74   1.17    30211    16390.486    1.21  1973.65 
 m 48   493.63   1.18    30078     1357.191   10.07  1993.19 
   49   503.51   1.18    37239     6620.602    5.50  2032.66 
   50   520.27   1.29    28449     1443.609   19.59  2099.64 
   51   534.24   0.96    38509     1874.723   19.39  2155.45 
 M 52   564.03   1.27    36779    17379.314    1.18  2274.52 
 m 53   566.30   1.27    36740     5673.234    2.82  2283.59 
   54   586.30   1.21    37669    15409.047    2.41  2363.50 
   55   656.50   1.30    31396     3946.301    8.26  2644.02 
 M 56   674.71   1.24    25065     5177.872    2.80  2716.76 
 m 57   678.66   1.24    28319    13650.665    1.34  2732.57 
   58   688.70   1.25    34777    25688.781    1.52  2772.70 
   59   712.84   1.51    34064     3952.746    8.88  2869.13 
   60   719.39   1.30    38176     9047.746    4.31  2895.31 
   61   728.57   1.08    24575      904.748   28.99  2932.01 
   62   755.45   1.68    34346     2351.465   14.64  3039.43 
 M 63   764.96   1.25    26707     5552.434    2.84  3077.41 
 m 64   769.00   1.26    23737     2652.599    5.06  3093.56 
   65   778.96   1.33    36140   344179.188    0.20  3133.34 
   66   810.50   1.29    30425     8977.406    3.79  3259.39 
   67   841.63   1.39    24316     3883.891    7.14  3383.79 
   68   867.42   1.39    36583    94930.039    0.51  3486.83 
 M 69   901.21   1.50    23349     2031.643    6.55  3621.87 
 m 70   907.29   1.50    24431     3097.094    4.43  3646.14 
 M 71   919.40   1.40    19068     9465.687    1.59  3694.53 
 m 72   926.35   1.41    18355     5739.359    2.26  3722.33 
 m 73   930.62   1.41    17947     1898.886    5.83  3739.39 
 M 74   959.06   1.45    15954      627.648   16.02  3853.01 
 m 75   964.12   1.45    17049   306705.563    0.18  3873.23 
   76   989.33   1.79    14190     2392.365    9.39  3973.99 
 M 77  1004.76   2.17    17403    22768.805    0.77  4035.63 
 m 78  1009.68   2.17    19026     2935.577    3.66  4055.28 
 M 79  1085.92   1.52    13717   204170.016    0.22  4359.95 
 m 80  1089.82   1.52    13006    35168.117    0.59  4375.53 
   81  1112.17   1.53    20923   255755.734    0.23  4464.82 
 M 82  1123.25   1.71    16519     5538.396    2.19  4509.12 
 m 83  1125.83   1.72    16417     5531.460    2.18  4519.44 
 m 84  1131.27   1.72    16244     1199.500    8.14  4541.16 
 M 85  1152.01   1.74    18974     8400.356    1.66  4624.06 
 m 86  1157.67   1.75    18009     2244.060    4.74  4646.68 
   87  1171.07   0.75    11008      475.189   36.97  4700.21 
   88  1213.04   1.61    12053    24043.434    1.14  4867.92 
   89  1233.95   1.51     9275     3703.241    5.46  4951.46 
 M 90  1249.99   1.61     6558     3466.967    2.58  5015.57 
 m 91  1252.91   1.61     6607      886.906    7.41  5027.25 
 m 92  1258.18   1.61     6229      266.544   22.27  5048.30 
 m 93  1261.34   1.62     6023      662.540    9.52  5060.92 
   94  1274.45   1.61     4246      722.789   17.00  5113.29 
 M 95  1292.85   1.62     3807     1452.106    4.23  5186.81 
 m 96  1299.26   1.62     3553    27008.221    0.63  5212.44 
   97  1334.80   1.66     1620      398.441   19.91  5354.47 
   98  1363.93   1.55     1030      327.789   18.17  5470.87 
   99  1408.16   1.70     2752   316478.719    0.18  5647.62 
  100  1434.04   1.24     1414      338.290   20.41  5751.03 
 M101  1448.01   1.73     2724    10125.506    1.06  5806.83 
 m102  1453.68   1.73     2140     1835.783    2.98  5829.49 
 m103  1457.78   1.73     1837     6985.982    1.28  5845.88 
  104  1497.69   1.75      487      176.128   23.85  6005.35 
  105  1529.61   2.89      387    10209.191    1.07  6132.90 
  106  1569.06   1.85      219      254.175   13.58  6290.54 
  107  1579.69   1.41       99      105.712   19.02  6333.02 
  108  1605.63   0.41      132       51.318   42.33  6436.69 
 M109  1643.46   1.54      120      447.414    5.14  6587.85 
 m110  1650.06   1.54      133       47.075   25.24  6614.21 
  111  1752.60   1.03       45       46.084   29.42  7023.97 
 M112  1764.61   1.68       50      112.344   10.94  7071.95 
 m113  1769.53   1.69       51      110.959   10.87  7091.62 
