C:\GENIE2K\CAMFILES\Semmler\JP\P2\166mHo24S09.CNF            
26/03/2026 12:29:11   
   12590.97 seconds
   13065.77 seconds
  Pico Energia  Resol.    BG       Counts      1s    Canal
   No.  (keV)   (keV)                          (%)  
    1     2.18   0.76    68359    53758.188    0.87    29.38 
 M  2     7.95   0.71   119429     8224.759    3.84    52.42 
 m  3     9.22   0.71   143740     6649.526    4.65    57.51 
    4    22.20   0.70   114369     1729.953   28.68   109.36 
 M  5    38.29   0.91   182359    10968.912    3.12   173.67 
 m  6    39.48   0.91   177861    17672.201    2.24   178.45 
    7    44.26   2.41   334424    62563.094    1.50   197.52 
    8    49.22   0.83   402007  2607753.500    0.07   217.34 
 M  9    53.93   0.75   142860     5029.894    6.02   236.16 
 m 10    55.66   0.75   142301   536108.000    0.15   243.10 
 m 11    57.23   0.75   123705   145482.063    0.33   249.35 
 M 12    70.81   1.01   165812     4491.021    7.78   303.62 
 m 13    72.85   1.02   205866    10867.003    3.33   311.79 
 m 14    75.00   1.02   178461    17863.658    2.20   320.36 
   15    80.63   0.73   134432  1097789.750    0.11   342.87 
 M 16    84.83   0.97   112914     8586.958    3.63   359.64 
 m 17    87.29   0.97   119945     3459.957    7.67   369.47 
 M 18    94.70   0.75    90616    13892.608    2.07   399.10 
 m 19    97.50   0.76    90172     4642.152    5.03   410.29 
 M 20   119.06   0.84   132154    14792.745    2.06   496.41 
 m 21   121.28   0.84   141203    27106.717    1.28   505.29 
 m 22   123.07   0.84   149030    19077.432    1.75   512.45 
   23   129.59   1.40   178008     6158.719   10.93   538.52 
   24   135.26   0.77   167282     8993.094    7.10   561.15 
   25   140.73   0.86   175345     3302.891   20.16   583.01 
 M 26   160.06   0.85   120316     7142.491    4.03   660.26 
 m 27   161.76   0.85   128848     7909.562    3.69   667.05 
   28   184.41   0.87   135202  4638636.000    0.05   757.58 
   29   190.73   0.83   110893    13846.672    4.08   782.81 
   30   215.90   0.91   104935   170286.688    0.40   883.38 
 M 31   231.44   1.29    94850    13502.766    2.07   945.48 
 m 32   233.29   1.29   100489    26983.531    1.19   952.87 
   33   239.97   0.94    97152     6629.406    8.07   979.59 
   34   247.96   0.70    82003     1189.492   39.18  1011.50 
   35   259.73   0.94    76110    50022.500    1.00  1058.53 
   36   264.98   0.97    85443    22942.344    2.26  1079.50 
   37   280.47   0.95    92369  1260109.750    0.10  1141.41 
   38   300.75   0.97    77178   145534.734    0.42  1222.46 
   39   329.41   1.53    76435    12748.602    3.94  1336.98 
 M 40   336.01   1.01    57696     2356.877    8.05  1363.37 
 m 41   339.81   1.01    57240     5797.977    3.69  1378.54 
 m 42   344.23   1.01    56707     3376.524    5.81  1396.21 
 M 43   361.00   0.98    49307     5409.331    3.48  1463.19 
 m 44   365.76   0.99    52531    79180.789    0.44  1482.21 
   45   410.96   1.04    67292   328446.844    0.23  1662.83 
   46   451.54   1.06    67144    78570.063    0.69  1824.99 
 M 47   459.77   1.08    52329     3183.478    5.60  1857.90 
 m 48   464.84   1.09    53178    54858.113    0.57  1878.14 
   49   485.16   1.09    60503     2209.086   19.02  1959.35 
   50   496.90   0.98   155681     1570.469   59.66  2006.24 
   51   521.00   1.09    76102     4220.422   11.90  2102.56 
   52   529.85   1.14    69666   217360.563    0.31  2137.91 
   53   550.25   0.78    51515     1637.352   23.66  2219.46 
   54   571.02   1.20    64680   117202.023    0.50  2302.44 
   55   594.64   1.68    57360    16742.305    2.69  2396.80 
 M 56   611.60   1.31    48132    30401.676    0.84  2464.59 
 m 57   615.91   1.31    43944     3105.583    5.29  2481.80 
 M 58   635.86   1.12    21635     1159.376   11.02  2561.54 
 m 59   640.00   1.12    24122     1707.441    7.52  2578.07 
 m 60   644.57   1.12    24384     2733.304    5.10  2596.34 
   61   670.54   1.23    24467    98995.102    0.43  2700.11 
   62   691.29   1.25    16705    27370.762    1.05  2783.03 
   63   711.72   1.27    21781   970218.063    0.11  2864.68 
 M 64   719.34   1.22    10769      971.913    8.73  2895.12 
 m 65   723.33   1.22    10247     1799.664    5.32  2911.08 
 M 66   731.97   1.45     8832      561.895   14.55  2945.60 
 m 67   736.68   1.46    11181     6424.267    1.86  2964.41 
   68   745.38   1.14     6991      328.746   41.65  2999.16 
 M 69   752.31   1.30     8561   206848.297    0.22  3026.86 
 m 70   755.53   1.30     7841     3348.583    2.63  3039.72 
 m 71   760.55   1.30     7734     8656.685    1.33  3059.80 
   72   767.28   1.36     9697     2286.950    8.60  3086.69 
   73   778.84   1.29     9121    51274.301    0.57  3132.87 
 M 74   792.24   1.34     6709     4040.067    2.34  3186.42 
 m 75   795.97   1.34     7024      505.888   12.64  3201.32 
 m 76   801.10   1.35     6163     1877.458    4.11  3221.82 
   77   810.31   1.33     9070   914323.188    0.11  3258.65 
   78   830.60   1.36     7719   146489.797    0.29  3339.72 
 M 79   851.54   1.52     5341     1378.311    4.81  3423.39 
 m 80   854.99   1.52     5490     2488.979    2.96  3437.15 
 m 81   859.10   1.52     5021     8762.510    1.23  3453.61 
 m 82   866.13   1.53     4768     1761.436    3.70  3481.68 
 m 83   873.12   1.53     4605      797.117    7.41  3509.61 
 m 84   875.71   1.53     4666    11560.727    1.04  3519.97 
 m 85   879.40   1.54     4242     1551.231    4.04  3534.72 
 M 86   890.93   1.37     3133     3527.705    2.14  3580.78 
 m 87   896.13   1.37     3236    16679.783    0.82  3601.57 
   88   911.19   1.44     2446      912.571    9.98  3661.76 
   89   927.59   1.20     2393      813.476   11.01  3727.26 
   90   936.72   1.41     3465     3534.554    3.69  3763.75 
   91   951.03   1.43     3428    38887.344    0.59  3820.95 
 M 92   964.16   1.70     2370      834.177    6.11  3873.41 
 m 93   968.72   1.70     2702      594.406    7.89  3891.64 
 M 94   992.18   1.50     2014     1872.935    3.21  3985.37 
 m 95   994.76   1.50     2438    15722.175    0.84  3995.69 
 m 96   999.86   1.50     2327      333.237   11.70  4016.05 
 m 97  1004.83   1.51     2298     1467.750    3.58  4035.90 
 m 98  1010.36   1.51     2374     1138.680    4.32  4058.00 
 m 99  1015.01   1.51     2225     2363.971    2.58  4076.60 
  100  1032.53   1.10     2086      478.490   18.44  4146.60 
  101  1085.88   1.36     1491      475.935   15.60  4359.81 
  102  1111.22   1.64     1763     3178.864    3.22  4461.06 
  103  1120.46   1.58     1745     2506.706    3.97  4497.95 
  104  1135.45   1.24     1098      893.471    7.37  4557.88 
  105  1146.97   1.48     1469     2354.233    3.94  4603.92 
  106  1221.36   1.44      969      405.176   15.70  4901.17 
  107  1241.64   1.60     1298    11379.441    1.13  4982.20 
  108  1262.16   0.79      662      198.150   24.51  5064.19 
 M109  1274.55   1.55      837     2152.782    2.40  5113.72 
 m110  1282.22   1.56      839     2485.410    2.21  5144.36 
 M111  1401.01   1.67      359     4839.241    1.45  5619.02 
 m112  1408.18   1.67      275      758.850    4.03  5647.67 
  113  1427.48   1.72      347     4999.702    1.62  5724.80 
  114  1461.03   1.55      195      535.752    6.58  5858.88 
  115  1476.28   0.72      158       82.652   29.28  5919.81 
  116  1490.69   0.90      187      165.844   17.15  5977.38 
  117  1522.12   1.73      141     5475.512    1.43  6102.98 
  118  1562.72   1.61      115     1197.245    3.42  6265.22 
 M119  1592.73   1.76       82      101.305   12.39  6385.14 
 m120  1596.76   1.76       75       93.028   12.51  6401.23 
  121  1611.77   1.42       54       93.863   17.08  6461.21 
  122  1706.77   0.55       45       64.264   21.93  6840.84 
  123  1764.85   1.74       42      223.016    8.85  7072.91 
