C:\GENIE2K\CAMFILES\Semmler\JP\P2\22Na22S09B.CNF             
08/04/2026 12:33:15   
    9273.67 seconds
    9293.14 seconds
  Pico Energia  Resol.    BG       Counts      1s    Canal
   No.  (keV)   (keV)                          (%)  
    1     1.39   0.87     4080    16942.295    0.95    26.23 
 M  2    72.82   0.63     3279      263.558   17.29   311.67 
 m  3    74.94   0.64     2941      491.702   10.73   320.11 
    4    84.99   0.63     4235      364.763   28.07   360.30 
    5   238.67   0.94     3484      433.141   21.07   974.39 
    6   351.88   0.87     2250      253.616   29.57  1426.76 
    7   510.99   2.40    12017   112081.938    0.35  2062.58 
    8   583.17   1.03      676      364.455   13.44  2350.99 
    9   609.36   1.03      648      419.026   11.83  2455.65 
   10   911.38   1.01      757      363.731   14.64  3662.51 
   11  1120.20   1.00      556      149.940   30.03  4496.92 
   12  1274.66   1.63      244    30906.564    0.58  5114.16 
   13  1461.01   1.72      120      487.250    6.36  5858.78 
   14  1592.88   0.57       71       43.641   35.52  6385.75 
   15  1764.99   0.73       43      155.166   11.54  7073.50 
   16  1785.63   2.82       48      548.345    5.09  7155.94 
