C:\GENIE2K\CAMFILES\Semmler\JP\P6\133Ba146S15.CNF            
21/08/2026 17:00:57   
   70000.00 seconds
   70201.45 seconds
  Pico Energia  Resol.    BG       Counts      1s    Canal
   No.  (keV)   (keV)                          (%)  
 M  1    19.91   0.85    78069    17544.242    1.50   100.22 
 m  2    21.06   0.86    75780    68657.836    0.55   104.82 
    3    25.16   0.57    96333     3790.500   12.73   121.19 
 M  4    29.32   0.89   168650   207443.719    0.27   137.84 
 m  5    30.92   0.89   160363  2467262.000    0.07   144.21 
    6    35.05   0.80   113985   542512.750    0.16   160.71 
    7    53.25   0.76    40683    56489.184    0.69   233.47 
    8    61.82   0.92    48992     3659.816    9.53   267.72 
 M  9    79.69   0.75    73511    57766.141    0.58   339.12 
 m 10    81.09   0.76    53103   886294.000    0.11   344.70 
 M 11    84.86   0.92    34590     3311.208    5.16   359.76 
 m 12    87.39   0.93    34010     1466.615   10.00   369.87 
   13   111.88   0.72    41101     2649.563   12.57   467.74 
   14   160.67   0.84    42195    13526.129    2.56   662.70 
   15   223.28   0.88    24625     7748.924    3.48   912.88 
   16   238.71   1.02    16901     2981.598    6.97   974.52 
   17   276.46   0.97    17365    98082.234    0.40  1125.40 
   18   295.24   0.91    11353      738.776   23.17  1200.44 
   19   302.92   0.97    14172   229579.594    0.23  1231.11 
 M 20   333.72   1.00     7169     1113.517    6.96  1354.19 
 m 21   338.24   1.01     6457     1057.789    7.01  1372.25 
 M 22   352.00   1.02     5740     1857.385    3.96  1427.24 
 m 23   356.08   1.02     4906   666846.563    0.12  1443.53 
 M 24   383.92   1.05     3609    90183.117    0.34  1554.77 
 m 25   386.86   1.05     2910     3150.254    2.26  1566.55 
 m 26   391.02   1.05     3075      842.830    6.10  1583.17 
   27   414.75   1.04     3726      477.964   23.51  1677.99 
   28   437.05   1.03     2822     1413.542    6.91  1767.09 
   29   463.11   0.79     3070      432.645   24.04  1871.22 
   30   510.95   1.97     3219     3715.017    3.25  2062.42 
   31   583.29   1.19     2193     2257.079    4.36  2351.49 
   32   609.43   1.14     1676     2276.912    3.86  2455.93 
   33   727.43   1.06     1086      648.030    9.48  2927.45 
   34   768.57   0.96     1173      255.193   25.02  3091.82 
   35   794.99   1.68      788      350.050   14.07  3197.42 
   36   860.67   1.40      724      416.534   12.05  3459.85 
   37   911.37   1.38     1001     2534.000    3.13  3662.46 
   38   934.27   1.28      961      136.820   44.09  3753.98 
 M 39   964.92   1.43      814      535.524    5.99  3876.46 
 m 40   969.16   1.43      721     1548.881    2.94  3893.37 
   41  1120.50   1.54      837      972.334    6.84  4498.12 
   42  1238.36   0.96      697      423.007   13.41  4969.08 
   43  1377.92   1.61      388      238.184   16.01  5526.78 
   44  1408.29   0.43      453      158.051   27.34  5648.13 
   45  1461.19   1.87      516     3374.255    2.24  5859.52 
   46  1495.98   1.27      227       75.082   36.11  5998.52 
   47  1509.66   1.20      309      114.509   29.75  6053.19 
 M 48  1588.66   1.76      372      352.076    6.77  6368.87 
 m 49  1592.92   1.76      331      527.526    5.05  6385.91 
   50  1621.01   1.33      284      169.167   20.19  6498.13 
   51  1631.06   1.52      286      200.000   17.87  6538.30 
   52  1729.98   1.53      252      220.867   15.69  6933.60 
   53  1764.96   1.73      315     1167.703    4.30  7073.38 
   54  1847.79   0.72      269      136.255   24.89  7404.34 
