C:\GENIE2K\CAMFILES\Semmler\JP\P6\152Eu52024.CNF             
21/08/2026 11:36:50   
   18925.11 seconds
   19210.13 seconds
  Pico Energia  Resol.    BG       Counts      1s    Canal
   No.  (keV)   (keV)                          (%)  
    1     2.59   0.25   141280    88269.641    0.71    31.00 
    2     6.34   1.90    79993     6363.984    6.06    46.00 
    3    22.15   0.72    82396     3540.484   12.30   109.18 
    4    30.25   1.17   117257    50148.875    1.13   141.55 
 M  5    40.01   0.98   398037  3619599.750    0.06   180.55 
 m  6    43.05   0.98   227066    33708.625    1.15   192.71 
 m  7    45.48   0.99   147141   746510.438    0.13   202.42 
 m  8    46.72   0.99    91341   177589.859    0.35   207.37 
 m  9    48.78   1.00    60088     8525.106    2.58   215.60 
 m 10    50.27   1.00    47655     2033.076    9.63   221.55 
 M 11    72.89   0.78    45489     4618.235    3.91   311.95 
 m 12    75.06   0.78    51163     8424.336    2.48   320.59 
   13    80.08   1.35    49319     2601.543   13.00   340.68 
 M 14    84.92   1.51    90876    13372.395    2.18   360.00 
 m 15    87.17   1.51   102239     4303.410    5.83   368.99 
   16   121.84   0.85    63253  1757942.125    0.08   507.55 
   17   147.98   0.78    47392     1415.332   24.54   611.99 
   18   161.72   1.13    57303     5893.250    6.87   666.90 
   19   167.26   0.97    42957     1555.297   20.74   689.01 
   20   244.73   0.96    35588   287766.906    0.22   998.60 
   21   251.67   0.82    24480     2008.193   12.25  1026.33 
 M 22   271.13   0.92    25435     2507.236    5.89  1104.08 
 m 23   275.43   0.92    25014     1110.865   11.34  1121.29 
   24   296.00   0.98    27035    13551.604    2.20  1203.48 
   25   315.25   0.84    20188     1565.469   14.60  1280.37 
 M 26   324.88   1.09    20266     2100.527    5.93  1318.88 
 m 27   329.44   1.09    21045     3822.882    3.64  1337.08 
 M 28   340.60   1.01    19522      922.208   12.05  1381.69 
 m 29   344.31   1.01    18519   735966.500    0.12  1396.53 
   30   367.82   1.04    21098    22726.549    1.31  1490.47 
   31   385.93   0.72    12767      858.920   20.60  1562.82 
 M 32   411.15   1.07    14764    51982.441    0.49  1663.60 
 m 33   416.05   1.08    14397     2619.500    4.00  1683.19 
   34   444.00   1.08    18940    67667.406    0.53  1794.88 
 M 35   488.71   1.14    15485     7922.520    1.78  1973.52 
 m 36   493.69   1.14    14652      630.896   15.29  1993.42 
   37   503.53   1.12    18300     2845.955    8.78  2032.73 
   38   510.97   1.96    19695     3026.467    8.72  2062.47 
   39   520.17   1.26    12393      953.160   18.79  2099.26 
   40   534.36   1.61    15545      972.291   22.01  2155.93 
 M 41   564.05   1.25    18793     8526.228    1.71  2274.57 
 m 42   566.49   1.25    17744     2226.150    4.96  2284.34 
   43   586.32   1.21    18075     7089.670    3.56  2363.58 
   44   656.54   1.25    13849     2025.041   10.33  2644.18 
 M 45   674.73   1.26    12498     2805.678    3.72  2716.84 
 m 46   678.68   1.26    14127     7030.701    1.86  2732.65 
   47   688.74   1.32    18316    12400.836    2.30  2772.85 
   48   712.91   1.56    15756     1501.136   15.59  2869.40 
   49   719.42   1.32    13572     4313.070    4.92  2895.42 
 M 50   764.96   1.12    11139     2370.467    4.38  3077.39 
 m 51   769.03   1.12    11251     1388.617    6.50  3093.68 
   52   778.98   1.36    15763   166985.813    0.28  3133.42 
   53   794.80   1.28     8393      389.771   37.58  3196.65 
   54   810.57   1.31    12502     3777.244    5.60  3259.65 
   55   841.56   1.30    10860     1440.651   12.57  3383.50 
   56   867.45   1.37    16560    49001.453    0.69  3486.96 
   57   901.26   1.07     7998      734.160   20.11  3622.06 
 M 58   919.42   1.44     8841     4761.791    2.16  3694.61 
 m 59   926.37   1.44     8794     3203.026    2.82  3722.39 
 m 60   930.63   1.45     7658      939.537    7.85  3739.41 
 M 61   964.14   1.46     7548   154584.781    0.26  3873.34 
 m 62   968.89   1.46     6956      545.111   12.02  3892.32 
   63   990.29   1.01     6070      445.307   33.12  3977.82 
   64  1005.24   1.55     6663     7305.245    2.46  4037.56 
 M 65  1085.96   1.52     5672    98318.180    0.32  4360.10 
 m 66  1089.86   1.52     5529    16776.502    0.85  4375.70 
   67  1112.20   1.54     9371   126370.422    0.32  4464.96 
   68  1151.85   0.71     6203      428.312   33.53  4623.39 
   69  1213.08   1.63     4826    12346.582    1.44  4868.06 
   70  1250.10   1.64     3236     1522.970    7.68  5016.01 
   71  1261.21   1.37     2731      378.242   27.70  5060.40 
   72  1274.53   0.62     2002      207.266   41.03  5113.64 
 M 73  1292.91   1.62     1279      760.612    5.32  5187.06 
 m 74  1299.30   1.62     1458    13241.900    0.89  5212.59 
   75  1363.81   1.13      417      170.936   21.75  5470.39 
   76  1408.21   1.72      835   159017.688    0.25  5647.82 
   77  1448.11   2.07      429      786.245    6.57  5807.26 
 M 78  1457.85   1.70      350     3448.591    1.74  5846.17 
 m 79  1461.02   1.70      203      840.288    3.72  5858.84 
   80  1528.38   1.68      177     2268.388    2.41  6128.00 
 M 81  1588.35   1.63       96       85.588   14.37  6367.64 
 m 82  1592.79   1.63      121      135.873   10.83  6385.39 
   83  1630.68   0.33       54       61.056   25.00  6536.77 
 M 84  1764.83   2.00       51      351.786    5.44  7072.84 
 m 85  1769.78   2.00       60       92.957   11.86  7092.63 
   86  1848.22   1.29       35       42.083   29.10  7406.05 
