C:\GENIE2K\CAMFILES\Semmler\JP\P6\166mHo24S09.CNF            
03/07/2026 16:01:43   
   70000.00 seconds
   70601.66 seconds
  Pico Energia  Resol.    BG       Counts      1s    Canal
   No.  (keV)   (keV)                          (%)  
 M  1     1.62   0.47    89033   738448.938    0.12    27.13 
 m  2     2.77   0.48   256332   126829.398    0.41    31.73 
    3     9.31   0.65   188599     1957.813   31.66    57.88 
 M  4    38.31   0.97   227767     7088.219    5.48   173.76 
 m  5    39.52   0.98   240018    11905.144    3.78   178.57 
    6    49.24   1.47   509504  2249629.750    0.09   217.44 
 M  7    54.02   0.83   206961    17782.734    2.04   236.54 
 m  8    55.71   0.84   183991   459946.563    0.17   243.29 
 m  9    57.27   0.84   161655   123191.500    0.39   249.53 
 M 10    72.89   0.75   197355     8858.622    3.91   311.93 
 m 11    75.07   0.75   201545    21644.309    1.92   320.65 
   12    80.67   0.80   158691   948478.500    0.12   343.01 
 M 13    84.89   1.00   138504    17168.240    2.10   359.89 
 m 14    87.47   1.01   136356     6051.569    4.99   370.18 
   15    94.76   0.78   148618    11560.875    5.49   399.32 
 M 16   119.12   0.91   173752    12438.384    2.70   496.69 
 m 17   121.38   0.91   173359    22873.039    1.59   505.68 
 m 18   123.13   0.91   173042    16482.398    2.11   512.69 
   19   135.36   1.12   227669     8277.234    9.42   561.57 
   20   140.76   0.87   185585     4574.047   14.62   583.13 
 M 21   160.13   0.93   200290     5949.780    5.73   660.52 
 m 22   161.84   0.93   188200     7636.831    4.75   667.36 
   23   184.47   0.89   143381  4090874.750    0.05   757.80 
   24   190.82   0.90   128654    11905.383    5.09   783.19 
   25   215.96   0.99   121028   150366.875    0.47   883.62 
 M 26   231.42   1.05    96882    11094.001    2.62   945.41 
 m 27   233.34   1.06    96251     3360.943    7.24   953.09 
   28   238.74   0.92   110439     3098.063   18.30   974.68 
 M 29   244.79   0.78    71532     1166.083   18.49   998.84 
 m 30   248.06   0.78    70192     1603.715   14.27  1011.89 
   31   259.80   0.97    93887    45944.125    1.22  1058.83 
   32   265.06   1.05    89681     2747.938   18.60  1079.83 
   33   280.52   1.00    88829  1167447.250    0.10  1141.62 
   34   300.82   1.01    75239   137083.859    0.43  1222.71 
 M 35   339.87   1.04    63121     5389.844    4.15  1378.77 
 m 36   344.37   1.05    62235     2703.376    7.29  1396.74 
   37   352.05   0.89    56594     1832.406   21.20  1427.46 
   38   365.84   1.07    69109    74846.469    0.72  1482.53 
   39   411.04   1.09    65950   311928.750    0.23  1663.16 
   40   451.62   1.13    70219    74051.383    0.75  1825.32 
   41   464.90   1.15    71335    32899.445    1.59  1878.40 
   42   496.86   1.56    60873     3206.379   13.18  2006.10 
   43   510.81   1.57    68183     3769.172   12.13  2061.84 
   44   521.17   1.29    60968     3347.426   12.65  2103.24 
   45   529.93   1.19    71592   206679.438    0.33  2138.25 
   46   571.14   1.22    61404   111560.953    0.51  2302.90 
   47   583.36   1.09    47811     2623.574   14.59  2351.75 
   48   594.56   1.31    50608    11366.809    3.63  2396.52 
 M 49   609.41   1.32    46896     3055.900    5.57  2455.83 
 m 50   611.73   1.32    46339    28824.926    0.85  2465.12 
 m 51   616.02   1.33    41470     3414.380    4.64  2482.27 
 M 52   640.17   1.19    19982     1467.536    8.71  2578.74 
 m 53   644.75   1.19    23325     1997.742    6.64  2597.06 
   54   670.66   1.29    22542    94296.656    0.44  2700.60 
   55   691.39   1.31    16521    23795.504    1.22  2783.44 
   56   711.86   1.31    15518   906156.063    0.11  2865.22 
 M 57   723.43   1.25     7082     1599.939    5.32  2911.46 
 m 58   727.41   1.25     6807      534.338   12.92  2927.38 
   59   736.83   1.52     9051     6085.772    3.29  2965.00 
   60   752.44   1.35     8795   191387.969    0.25  3027.39 
   61   760.64   1.45     6498     1064.989   14.25  3060.15 
   62   778.99   1.36     6516    47013.777    0.57  3133.48 
   63   810.47   1.37     6621   849877.563    0.11  3259.26 
   64   830.76   1.40     3791   140730.859    0.28  3340.34 
   65   859.39   2.39     2921     1648.157    6.71  3454.75 
 M 66   873.32   1.40     2166      964.888    4.97  3510.42 
 m 67   875.83   1.40     2344    10265.674    1.07  3520.43 
 M 68   891.17   1.46     1810      461.020    8.88  3581.76 
 m 69   896.30   1.47     2129     2509.642    2.49  3602.23 
   70   911.42   1.33     2062     2655.558    3.74  3662.67 
   71   936.86   1.26     1635      398.379   17.98  3764.33 
   72   951.19   1.49     2488    35312.480    0.60  3821.56 
 M 73   964.60   1.59     1637     1122.209    4.22  3875.17 
 m 74   969.18   1.59     1859     1660.979    3.19  3893.46 
   75   994.90   1.35     2067     2352.687    4.05  3996.24 
 M 76  1005.00   1.35     1480     1192.015    4.05  4036.62 
 m 77  1010.55   1.35     1529      840.436    5.08  4058.77 
 m 78  1015.15   1.35     1583      282.812   12.05  4077.16 
   79  1086.02   1.30     1224      371.189   18.08  4360.36 
   80  1111.76   2.01     1444     1003.856    8.20  4463.20 
   81  1120.60   1.54     1528     3320.599    2.95  4498.52 
   82  1147.17   1.59     1586     2190.107    4.22  4604.70 
 M 83  1238.39   1.62      825      298.254   10.07  4969.19 
 m 84  1241.83   1.62     1075     8738.129    1.10  4982.97 
 M 85  1274.73   1.70      839     1974.864    2.50  5114.42 
 m 86  1282.41   1.71      738     1962.671    2.48  5145.11 
   87  1378.15   1.84      550      294.805   16.48  5527.67 
 M 88  1401.22   1.74      592     4575.837    1.51  5619.86 
 m 89  1408.35   1.74      469      859.802    3.89  5648.35 
   90  1427.66   1.73      583     4512.266    1.86  5725.53 
   91  1461.22   1.88      547     3215.638    2.32  5859.63 
 M 92  1501.79   1.24      263       75.250   21.34  6021.75 
 m 93  1509.59   1.24      297      121.392   15.28  6052.93 
   94  1522.33   1.82      415      974.728    5.42  6103.81 
   95  1562.86   1.59      313      230.345   16.52  6265.79 
 M 96  1588.59   1.59      370      345.637    6.92  6368.59 
 m 97  1592.98   1.59      366      477.538    5.66  6386.14 
   98  1621.07   1.57      274      195.140   17.94  6498.39 
   99  1631.04   1.78      264      180.258   18.20  6538.23 
  100  1730.09   2.34      262      168.450   19.58  6934.04 
  101  1765.03   1.75      279     1113.887    4.37  7073.62 
  102  1848.16   0.73      236      156.062   20.74  7405.81 
