C:\GENIE2K\CAMFILES\Semmler\JP\P6\22Na22S09.CNF              
11/09/2026 12:41:20   
   60000.00 seconds
   60126.34 seconds
  Pico Energia  Resol.    BG       Counts      1s    Canal
   No.  (keV)   (keV)                          (%)  
    1     1.35   0.33    21006  2099398.250    0.07    26.08 
 M  2    72.89   0.80    11331     1137.041    7.96   311.92 
 m  3    75.02   0.80    12795     2196.047    4.84   320.43 
    4    84.88   1.07    15076     1439.234   13.78   359.83 
    5   238.70   0.97    10946     2130.043    8.45   974.52 
    6   295.26   0.81     6252      714.125   17.52  1200.50 
    7   338.39   1.33     5758      917.909   13.52  1372.86 
    8   351.97   1.00     5615     1558.456    8.56  1427.11 
    9   511.07   2.39    11397   103272.500    0.37  2062.87 
   10   583.29   1.08     2227     2032.960    4.81  2351.46 
   11   609.42   1.19     2066     2001.592    4.80  2455.89 
   12   727.38   1.44     1649      568.479   14.02  2927.24 
   13   795.07   1.34     1037      332.799   17.00  3197.74 
   14   860.56   0.54      964      328.999   16.59  3459.43 
   15   911.35   1.33     1385     2077.327    3.97  3662.39 
   16   934.27   1.15     1438      173.335   42.37  3753.97 
 M 17   964.88   1.38     1161      455.901    7.68  3876.29 
 m 18   969.18   1.39     1331     1337.019    3.59  3893.44 
   19  1120.55   1.70     1193      854.568    8.90  4498.32 
   20  1155.56   0.34      478       88.337   41.75  4638.21 
   21  1238.29   1.21      511      272.674   16.14  4968.83 
   22  1274.82   1.64      685    27920.145    0.63  5114.77 
   23  1378.07   1.79      349      191.043   19.10  5527.36 
   24  1408.49   1.20      313      113.467   29.24  5648.91 
   25  1461.19   1.79      423     2838.372    2.41  5859.49 
   26  1509.69   0.82      244       94.686   30.41  6053.30 
 M 27  1588.59   1.63      270      328.564    6.78  6368.58 
 m 28  1592.92   1.63      269      422.898    5.72  6385.88 
   29  1621.17   1.66      249      119.755   26.73  6498.78 
   30  1631.14   0.44      242      149.474   20.83  6538.62 
   31  1729.97   0.94      222      113.424   25.52  6933.53 
   32  1764.97   1.75      260      912.045    4.90  7073.38 
   33  1847.92   1.82      184      166.637   17.85  7404.85 
