C:\GENIE2K\CAMFILES\Semmler\JP\P6\22Na91S19.CNF              
02/09/2026 11:50:29   
   22362.34 seconds
   22458.36 seconds
  Pico Energia  Resol.    BG       Counts      1s    Canal
   No.  (keV)   (keV)                          (%)  
 M  1    72.90   0.79    20427     1404.086    8.36   311.97 
 m  2    75.02   0.80    22729     3014.932    4.60   320.46 
    3    84.88   0.92    25059     2392.090   10.69   359.85 
    4   238.75   1.10    24854     1077.600   23.37   974.71 
    5   511.10   2.39    66919   745568.313    0.13  2062.99 
    6   583.29   1.11     2958      688.148   13.37  2351.48 
    7   609.39   1.46     3144      632.505   15.26  2455.77 
    8   911.40   1.26     3988      739.356   15.26  3662.57 
    9   969.21   1.46     6896      276.247   58.57  3893.58 
   10  1120.72   0.93     2644      244.412   37.05  4499.00 
   11  1274.87   1.64      958   207972.922    0.22  5114.99 
   12  1378.13   1.56      205      132.972   22.59  5527.61 
   13  1461.33   1.57      212     1069.198    4.18  5860.07 
 M 14  1588.79   1.76      110       96.636   13.82  6369.40 
 m 15  1593.11   1.76      136      171.637    9.30  6386.65 
   16  1729.89   1.01       63       92.096   18.57  6933.23 
   17  1765.00   1.82       89      327.424    7.95  7073.54 
   18  1785.92   2.60      127      587.500    5.88  7157.11 
