C:\GENIE2K\CAMFILES\Semmler\JP\P6\60Co144S15.CNF             
14/08/2026 15:02:20   
   70000.00 seconds
   70104.02 seconds
  Pico Energia  Resol.    BG       Counts      1s    Canal
   No.  (keV)   (keV)                          (%)  
    1     2.62   0.25   195325  1131449.250    0.12    31.15 
 M  2    72.94   0.77    12030     1101.068    8.29   312.14 
 m  3    75.00   0.78    13856     2180.680    4.98   320.35 
 M  4    84.83   0.95    16030     1671.509    7.09   359.64 
 m  5    87.29   0.96    17613      767.004   13.46   369.47 
    6   238.68   0.95    10593     2800.336    6.39   974.42 
    7   295.28   0.94     7992      822.807   19.15  1200.58 
    8   338.37   0.83     6546      708.784   20.14  1372.78 
    9   352.00   1.19     6058     1585.472    8.88  1427.25 
   10   510.98   2.10     4461     4290.338    3.24  2062.51 
   11   583.25   1.18     2988     2398.112    4.46  2351.31 
   12   609.46   1.14     2990     2255.380    4.78  2456.04 
   13   727.45   1.15     2709      657.194   14.82  2927.53 
   14   768.45   0.86     1698      156.711   41.47  3091.36 
   15   795.05   0.79     2274      375.606   22.60  3197.63 
   16   860.66   1.06     2538      336.634   27.04  3459.82 
   17   911.35   1.39     3738     2575.109    5.08  3662.36 
 M 18   965.10   1.42     2917      475.125    9.78  3877.15 
 m 19   969.11   1.42     2782     1496.245    3.90  3893.18 
   20  1120.58   1.25     2202      967.853   10.08  4498.43 
   21  1173.47   1.58     1823    44555.504    0.51  4709.81 
   22  1238.38   0.96      699      308.185   16.55  4969.19 
   23  1332.77   1.68      863    39664.750    0.53  5346.36 
   24  1377.91   1.67      525      270.000   18.28  5526.74 
   25  1408.32   1.87      409      196.525   21.20  5648.26 
   26  1461.19   1.83      491     3321.086    2.22  5859.50 
   27  1496.43   0.52      276      151.255   21.43  6000.33 
   28  1509.72   0.94      308      157.867   22.31  6053.42 
 M 29  1580.98   1.89      260      104.602   16.01  6338.18 
 m 30  1588.47   1.89      387      393.825    6.16  6368.13 
 m 31  1592.97   1.89      440      470.039    5.65  6386.08 
   32  1620.99   1.10      294      156.729   21.65  6498.04 
   33  1630.87   1.77      284      225.656   16.19  6537.56 
   34  1730.21   1.98      239      224.471   14.93  6934.51 
   35  1764.95   1.71      326     1086.780    4.61  7073.32 
   36  1847.82   1.38      246      123.198   26.36  7404.48 
