C:\GENIE2K\CAMFILES\Semmler\JP\P6\60Co145S15.CNF             
19/08/2026 11:02:47   
   25653.14 seconds
   25758.75 seconds
  Pico Energia  Resol.    BG       Counts      1s    Canal
   No.  (keV)   (keV)                          (%)  
 M  1    72.81   0.83    16188     1226.727    8.44   311.60 
 m  2    75.01   0.83    16547     2403.449    5.04   320.39 
    3    84.86   1.08    18604     1656.387   13.29   359.78 
    4   238.67   0.98    14521      934.693   19.67   974.39 
    5   310.46   1.12    13475     1050.830   18.21  1261.25 
    6   351.91   0.87    13316      513.085   37.61  1426.86 
    7   510.87   2.29    14286     3421.198    6.76  2062.09 
    8   583.29   1.03    10074      850.629   20.34  2351.46 
    9   609.34   1.07     9405      777.118   21.03  2455.55 
   10   821.82   1.29    13636     1312.547   16.28  3304.63 
   11   911.20   0.70    20850     1148.631   24.13  3661.79 
   12   969.06   1.73    11710      492.964   35.90  3892.98 
   13  1173.36   1.57     8229   377128.969    0.17  4709.35 
   14  1332.68   1.67     1432   335645.625    0.17  5345.99 
   15  1461.02   1.77      239     1081.755    4.20  5858.85 
 M 16  1588.56   1.81      134      116.758   12.33  6368.48 
 m 17  1592.81   1.81      151      184.781    8.92  6385.46 
   18  1764.90   1.22       99      414.035    6.94  7073.12 
   19  1847.87   1.40       88       32.723   51.90  7404.65 
